Archive member included to satisfy reference by file (symbol)

c:/st/stm32cubeide_1.10.1/stm32cubeide/plugins/com.st.stm32cube.ide.mcu.externaltools.gnu-tools-for-stm32.10.3-2021.10.win32_1.0.0.202111181127/tools/bin/../lib/gcc/arm-none-eabi/10.3.1/../../../../arm-none-eabi/lib/thumb/v7e-m+fp/hard\libc_nano.a(lib_a-errno.o)
                              ./Core/Src/syscalls.o (__errno)
c:/st/stm32cubeide_1.10.1/stm32cubeide/plugins/com.st.stm32cube.ide.mcu.externaltools.gnu-tools-for-stm32.10.3-2021.10.win32_1.0.0.202111181127/tools/bin/../lib/gcc/arm-none-eabi/10.3.1/../../../../arm-none-eabi/lib/thumb/v7e-m+fp/hard\libc_nano.a(lib_a-exit.o)
                              c:/st/stm32cubeide_1.10.1/stm32cubeide/plugins/com.st.stm32cube.ide.mcu.externaltools.gnu-tools-for-stm32.10.3-2021.10.win32_1.0.0.202111181127/tools/bin/../lib/gcc/arm-none-eabi/10.3.1/../../../../arm-none-eabi/lib/thumb/v7e-m+fp/hard/crt0.o (exit)
c:/st/stm32cubeide_1.10.1/stm32cubeide/plugins/com.st.stm32cube.ide.mcu.externaltools.gnu-tools-for-stm32.10.3-2021.10.win32_1.0.0.202111181127/tools/bin/../lib/gcc/arm-none-eabi/10.3.1/../../../../arm-none-eabi/lib/thumb/v7e-m+fp/hard\libc_nano.a(lib_a-impure.o)
                              c:/st/stm32cubeide_1.10.1/stm32cubeide/plugins/com.st.stm32cube.ide.mcu.externaltools.gnu-tools-for-stm32.10.3-2021.10.win32_1.0.0.202111181127/tools/bin/../lib/gcc/arm-none-eabi/10.3.1/../../../../arm-none-eabi/lib/thumb/v7e-m+fp/hard\libc_nano.a(lib_a-exit.o) (_global_impure_ptr)
c:/st/stm32cubeide_1.10.1/stm32cubeide/plugins/com.st.stm32cube.ide.mcu.externaltools.gnu-tools-for-stm32.10.3-2021.10.win32_1.0.0.202111181127/tools/bin/../lib/gcc/arm-none-eabi/10.3.1/../../../../arm-none-eabi/lib/thumb/v7e-m+fp/hard\libc_nano.a(lib_a-init.o)
                              c:/st/stm32cubeide_1.10.1/stm32cubeide/plugins/com.st.stm32cube.ide.mcu.externaltools.gnu-tools-for-stm32.10.3-2021.10.win32_1.0.0.202111181127/tools/bin/../lib/gcc/arm-none-eabi/10.3.1/../../../../arm-none-eabi/lib/thumb/v7e-m+fp/hard/crt0.o (__libc_init_array)
c:/st/stm32cubeide_1.10.1/stm32cubeide/plugins/com.st.stm32cube.ide.mcu.externaltools.gnu-tools-for-stm32.10.3-2021.10.win32_1.0.0.202111181127/tools/bin/../lib/gcc/arm-none-eabi/10.3.1/../../../../arm-none-eabi/lib/thumb/v7e-m+fp/hard\libc_nano.a(lib_a-malloc.o)
                              ./Middlewares/ST/STM32_USB_Host_Library/Class/CDC/Src/usbh_cdc.o (malloc)
c:/st/stm32cubeide_1.10.1/stm32cubeide/plugins/com.st.stm32cube.ide.mcu.externaltools.gnu-tools-for-stm32.10.3-2021.10.win32_1.0.0.202111181127/tools/bin/../lib/gcc/arm-none-eabi/10.3.1/../../../../arm-none-eabi/lib/thumb/v7e-m+fp/hard\libc_nano.a(lib_a-memset.o)
                              c:/st/stm32cubeide_1.10.1/stm32cubeide/plugins/com.st.stm32cube.ide.mcu.externaltools.gnu-tools-for-stm32.10.3-2021.10.win32_1.0.0.202111181127/tools/bin/../lib/gcc/arm-none-eabi/10.3.1/../../../../arm-none-eabi/lib/thumb/v7e-m+fp/hard/crt0.o (memset)
c:/st/stm32cubeide_1.10.1/stm32cubeide/plugins/com.st.stm32cube.ide.mcu.externaltools.gnu-tools-for-stm32.10.3-2021.10.win32_1.0.0.202111181127/tools/bin/../lib/gcc/arm-none-eabi/10.3.1/../../../../arm-none-eabi/lib/thumb/v7e-m+fp/hard\libc_nano.a(lib_a-nano-freer.o)
                              c:/st/stm32cubeide_1.10.1/stm32cubeide/plugins/com.st.stm32cube.ide.mcu.externaltools.gnu-tools-for-stm32.10.3-2021.10.win32_1.0.0.202111181127/tools/bin/../lib/gcc/arm-none-eabi/10.3.1/../../../../arm-none-eabi/lib/thumb/v7e-m+fp/hard\libc_nano.a(lib_a-malloc.o) (_free_r)
c:/st/stm32cubeide_1.10.1/stm32cubeide/plugins/com.st.stm32cube.ide.mcu.externaltools.gnu-tools-for-stm32.10.3-2021.10.win32_1.0.0.202111181127/tools/bin/../lib/gcc/arm-none-eabi/10.3.1/../../../../arm-none-eabi/lib/thumb/v7e-m+fp/hard\libc_nano.a(lib_a-nano-mallocr.o)
                              c:/st/stm32cubeide_1.10.1/stm32cubeide/plugins/com.st.stm32cube.ide.mcu.externaltools.gnu-tools-for-stm32.10.3-2021.10.win32_1.0.0.202111181127/tools/bin/../lib/gcc/arm-none-eabi/10.3.1/../../../../arm-none-eabi/lib/thumb/v7e-m+fp/hard\libc_nano.a(lib_a-malloc.o) (_malloc_r)
c:/st/stm32cubeide_1.10.1/stm32cubeide/plugins/com.st.stm32cube.ide.mcu.externaltools.gnu-tools-for-stm32.10.3-2021.10.win32_1.0.0.202111181127/tools/bin/../lib/gcc/arm-none-eabi/10.3.1/../../../../arm-none-eabi/lib/thumb/v7e-m+fp/hard\libc_nano.a(lib_a-sbrkr.o)
                              c:/st/stm32cubeide_1.10.1/stm32cubeide/plugins/com.st.stm32cube.ide.mcu.externaltools.gnu-tools-for-stm32.10.3-2021.10.win32_1.0.0.202111181127/tools/bin/../lib/gcc/arm-none-eabi/10.3.1/../../../../arm-none-eabi/lib/thumb/v7e-m+fp/hard\libc_nano.a(lib_a-nano-mallocr.o) (_sbrk_r)
c:/st/stm32cubeide_1.10.1/stm32cubeide/plugins/com.st.stm32cube.ide.mcu.externaltools.gnu-tools-for-stm32.10.3-2021.10.win32_1.0.0.202111181127/tools/bin/../lib/gcc/arm-none-eabi/10.3.1/../../../../arm-none-eabi/lib/thumb/v7e-m+fp/hard\libc_nano.a(lib_a-sprintf.o)
[...]
Memory Configuration

Name             Origin             Length             Attributes
RAM              0x0000000020000000 0x0000000000020000 xrw
FLASH            0x0000000008000000 0x0000000000080000 xr
*default*        0x0000000000000000 0xffffffffffffffff

Linker script and memory map

LOAD c:/st/stm32cubeide_1.10.1/stm32cubeide/plugins/com.st.stm32cube.ide.mcu.externaltools.gnu-tools-for-stm32.10.3-2021.10.win32_1.0.0.202111181127/tools/bin/../lib/gcc/arm-none-eabi/10.3.1/thumb/v7e-m+fp/hard/crti.o
LOAD c:/st/stm32cubeide_1.10.1/stm32cubeide/plugins/com.st.stm32cube.ide.mcu.externaltools.gnu-tools-for-stm32.10.3-2021.10.win32_1.0.0.202111181127/tools/bin/../lib/gcc/arm-none-eabi/10.3.1/thumb/v7e-m+fp/hard/crtbegin.o
LOAD c:/st/stm32cubeide_1.10.1/stm32cubeide/plugins/com.st.stm32cube.ide.mcu.externaltools.gnu-tools-for-stm32.10.3-2021.10.win32_1.0.0.202111181127/tools/bin/../lib/gcc/arm-none-eabi/10.3.1/../../../../arm-none-eabi/lib/thumb/v7e-m+fp/hard/crt0.o
LOAD ./Core/Src/lcd.o
LOAD ./Core/Src/lsm303agr.o
LOAD ./Core/Src/lsm303dlhc.o
LOAD ./Core/Src/main.o
LOAD ./Core/Src/stm32f411e_discovery.o
LOAD ./Core/Src/stm32f411e_discovery_accelerometer.o
LOAD ./Core/Src/stm32f4xx_hal_msp.o
LOAD ./Core/Src/stm32f4xx_it.o
LOAD ./Core/Src/syscalls.o
LOAD ./Core/Src/sysmem.o
LOAD ./Core/Src/system_stm32f4xx.o
LOAD ./Core/Startup/startup_stm32f411vetx.o
LOAD ./Drivers/STM32F4xx_HAL_Driver/Src/stm32f4xx_hal.o
LOAD ./Drivers/STM32F4xx_HAL_Driver/Src/stm32f4xx_hal_cortex.o
LOAD ./Drivers/STM32F4xx_HAL_Driver/Src/stm32f4xx_hal_dma.o
LOAD ./Drivers/STM32F4xx_HAL_Driver/Src/stm32f4xx_hal_dma_ex.o
LOAD ./Drivers/STM32F4xx_HAL_Driver/Src/stm32f4xx_hal_exti.o
LOAD ./Drivers/STM32F4xx_HAL_Driver/Src/stm32f4xx_hal_flash.o
LOAD ./Drivers/STM32F4xx_HAL_Driver/Src/stm32f4xx_hal_flash_ex.o
LOAD ./Drivers/STM32F4xx_HAL_Driver/Src/stm32f4xx_hal_flash_ramfunc.o
LOAD ./Drivers/STM32F4xx_HAL_Driver/Src/stm32f4xx_hal_gpio.o
LOAD ./Drivers/STM32F4xx_HAL_Driver/Src/stm32f4xx_hal_hcd.o
LOAD ./Drivers/STM32F4xx_HAL_Driver/Src/stm32f4xx_hal_i2c.o
LOAD ./Drivers/STM32F4xx_HAL_Driver/Src/stm32f4xx_hal_i2c_ex.o
LOAD ./Drivers/STM32F4xx_HAL_Driver/Src/stm32f4xx_hal_i2s.o
LOAD ./Drivers/STM32F4xx_HAL_Driver/Src/stm32f4xx_hal_i2s_ex.o
LOAD ./Drivers/STM32F4xx_HAL_Driver/Src/stm32f4xx_hal_pwr.o
LOAD ./Drivers/STM32F4xx_HAL_Driver/Src/stm32f4xx_hal_pwr_ex.o
LOAD ./Drivers/STM32F4xx_HAL_Driver/Src/stm32f4xx_hal_rcc.o
LOAD ./Drivers/STM32F4xx_HAL_Driver/Src/stm32f4xx_hal_rcc_ex.o
LOAD ./Drivers/STM32F4xx_HAL_Driver/Src/stm32f4xx_hal_spi.o
LOAD ./Drivers/STM32F4xx_HAL_Driver/Src/stm32f4xx_hal_tim.o
LOAD ./Drivers/STM32F4xx_HAL_Driver/Src/stm32f4xx_hal_tim_ex.o
LOAD ./Drivers/STM32F4xx_HAL_Driver/Src/stm32f4xx_ll_usb.o
LOAD ./Middlewares/ST/STM32_USB_Host_Library/Class/CDC/Src/usbh_cdc.o
LOAD ./Middlewares/ST/STM32_USB_Host_Library/Core/Src/usbh_core.o
LOAD ./Middlewares/ST/STM32_USB_Host_Library/Core/Src/usbh_ctlreq.o
LOAD ./Middlewares/ST/STM32_USB_Host_Library/Core/Src/usbh_ioreq.o
LOAD ./Middlewares/ST/STM32_USB_Host_Library/Core/Src/usbh_pipes.o
LOAD ./USB_HOST/App/usb_host.o
LOAD ./USB_HOST/Target/usbh_conf.o
LOAD ./USB_HOST/Target/usbh_platform.o
START GROUP
LOAD c:/st/stm32cubeide_1.10.1/stm32cubeide/plugins/com.st.stm32cube.ide.mcu.externaltools.gnu-tools-for-stm32.10.3-2021.10.win32_1.0.0.202111181127/tools/bin/../lib/gcc/arm-none-eabi/10.3.1/../../../../arm-none-eabi/lib/thumb/v7e-m+fp/hard\libc_nano.a
LOAD c:/st/stm32cubeide_1.10.1/stm32cubeide/plugins/com.st.stm32cube.ide.mcu.externaltools.gnu-tools-for-stm32.10.3-2021.10.win32_1.0.0.202111181127/tools/bin/../lib/gcc/arm-none-eabi/10.3.1/../../../../arm-none-eabi/lib/thumb/v7e-m+fp/hard\libm.a
END GROUP
START GROUP
LOAD c:/st/stm32cubeide_1.10.1/stm32cubeide/plugins/com.st.stm32cube.ide.mcu.externaltools.gnu-tools-for-stm32.10.3-2021.10.win32_1.0.0.202111181127/tools/bin/../lib/gcc/arm-none-eabi/10.3.1/thumb/v7e-m+fp/hard\libgcc.a
LOAD c:/st/stm32cubeide_1.10.1/stm32cubeide/plugins/com.st.stm32cube.ide.mcu.externaltools.gnu-tools-for-stm32.10.3-2021.10.win32_1.0.0.202111181127/tools/bin/../lib/gcc/arm-none-eabi/10.3.1/../../../../arm-none-eabi/lib/thumb/v7e-m+fp/hard\libc_nano.a
END GROUP
START GROUP
LOAD c:/st/stm32cubeide_1.10.1/stm32cubeide/plugins/com.st.stm32cube.ide.mcu.externaltools.gnu-tools-for-stm32.10.3-2021.10.win32_1.0.0.202111181127/tools/bin/../lib/gcc/arm-none-eabi/10.3.1/thumb/v7e-m+fp/hard\libgcc.a
LOAD c:/st/stm32cubeide_1.10.1/stm32cubeide/plugins/com.st.stm32cube.ide.mcu.externaltools.gnu-tools-for-stm32.10.3-2021.10.win32_1.0.0.202111181127/tools/bin/../lib/gcc/arm-none-eabi/10.3.1/../../../../arm-none-eabi/lib/thumb/v7e-m+fp/hard\libc_nano.a
LOAD c:/st/stm32cubeide_1.10.1/stm32cubeide/plugins/com.st.stm32cube.ide.mcu.externaltools.gnu-tools-for-stm32.10.3-2021.10.win32_1.0.0.202111181127/tools/bin/../lib/gcc/arm-none-eabi/10.3.1/../../../../arm-none-eabi/lib/thumb/v7e-m+fp/hard\libnosys.a
END GROUP
START GROUP
LOAD c:/st/stm32cubeide_1.10.1/stm32cubeide/plugins/com.st.stm32cube.ide.mcu.externaltools.gnu-tools-for-stm32.10.3-2021.10.win32_1.0.0.202111181127/tools/bin/../lib/gcc/arm-none-eabi/10.3.1/thumb/v7e-m+fp/hard\libgcc.a
LOAD c:/st/stm32cubeide_1.10.1/stm32cubeide/plugins/com.st.stm32cube.ide.mcu.externaltools.gnu-tools-for-stm32.10.3-2021.10.win32_1.0.0.202111181127/tools/bin/../lib/gcc/arm-none-eabi/10.3.1/../../../../arm-none-eabi/lib/thumb/v7e-m+fp/hard\libc_nano.a
LOAD c:/st/stm32cubeide_1.10.1/stm32cubeide/plugins/com.st.stm32cube.ide.mcu.externaltools.gnu-tools-for-stm32.10.3-2021.10.win32_1.0.0.202111181127/tools/bin/../lib/gcc/arm-none-eabi/10.3.1/../../../../arm-none-eabi/lib/thumb/v7e-m+fp/hard\libnosys.a
END GROUP
LOAD c:/st/stm32cubeide_1.10.1/stm32cubeide/plugins/com.st.stm32cube.ide.mcu.externaltools.gnu-tools-for-stm32.10.3-2021.10.win32_1.0.0.202111181127/tools/bin/../lib/gcc/arm-none-eabi/10.3.1/thumb/v7e-m+fp/hard/crtend.o
LOAD c:/st/stm32cubeide_1.10.1/stm32cubeide/plugins/com.st.stm32cube.ide.mcu.externaltools.gnu-tools-for-stm32.10.3-2021.10.win32_1.0.0.202111181127/tools/bin/../lib/gcc/arm-none-eabi/10.3.1/thumb/v7e-m+fp/hard/crtn.o
                0x0000000020020000                _estack = (ORIGIN (RAM) + LENGTH (RAM))
                0x0000000000000200                _Min_Heap_Size = 0x200
                0x0000000000000400                _Min_Stack_Size = 0x400

.isr_vector     0x0000000008000000      0x198
                0x0000000008000000                . = ALIGN (0x4)
 *(.isr_vector)
 .isr_vector    0x0000000008000000      0x198 ./Core/Startup/startup_stm32f411vetx.o
                0x0000000008000000                g_pfnVectors
                0x0000000008000198                . = ALIGN (0x4)

.text           0x00000000080001a0     0x5fa0
                0x00000000080001a0                . = ALIGN (0x4)
 *(.text)
 .text          0x00000000080001a0       0x40 c:/st/stm32cubeide_1.10.1/stm32cubeide/plugins/com.st.stm32cube.ide.mcu.externaltools.gnu-tools-for-stm32.10.3-2021.10.win32_1.0.0.202111181127/tools/bin/../lib/gcc/arm-none-eabi/10.3.1/thumb/v7e-m+fp/hard/crtbegin.o
 .text          0x00000000080001e0       0x10 c:/st/stm32cubeide_1.10.1/stm32cubeide/plugins/com.st.stm32cube.ide.mcu.externaltools.gnu-tools-for-stm32.10.3-2021.10.win32_1.0.0.202111181127/tools/bin/../lib/gcc/arm-none-eabi/10.3.1/../../../../arm-none-eabi/lib/thumb/v7e-m+fp/hard\libc_nano.a(lib_a-strlen.o)
                0x00000000080001e0                strlen
 .text          0x00000000080001f0       0xa0 c:/st/stm32cubeide_1.10.1/stm32cubeide/plugins/com.st.stm32cube.ide.mcu.externaltools.gnu-tools-for-stm32.10.3-2021.10.win32_1.0.0.202111181127/tools/bin/../lib/gcc/arm-none-eabi/10.3.1/../../../../arm-none-eabi/lib/thumb/v7e-m+fp/hard\libc_nano.a(lib_a-memchr.o)
                0x00000000080001f0                memchr
 .text          0x0000000008000290      0x378 c:/st/stm32cubeide_1.10.1/stm32cubeide/plugins/com.st.stm32cube.ide.mcu.externaltools.gnu-tools-for-stm32.10.3-2021.10.win32_1.0.0.202111181127/tools/bin/../lib/gcc/arm-none-eabi/10.3.1/thumb/v7e-m+fp/hard\libgcc.a(_arm_addsubdf3.o)
                0x0000000008000290                __aeabi_drsub
                0x0000000008000298                __aeabi_dsub
                0x0000000008000298                __subdf3
                0x000000000800029c                __aeabi_dadd
                0x000000000800029c                __adddf3
                0x0000000008000514                __floatunsidf
                0x0000000008000514                __aeabi_ui2d
                0x0000000008000534                __floatsidf
                0x0000000008000534                __aeabi_i2d
                0x0000000008000558                __aeabi_f2d
                0x0000000008000558                __extendsfdf2
                0x000000000800059c                __floatundidf
                0x000000000800059c                __aeabi_ul2d
                0x00000000080005ac                __floatdidf
                0x00000000080005ac                __aeabi_l2d
 .text          0x0000000008000608      0x424 c:/st/stm32cubeide_1.10.1/stm32cubeide/plugins/com.st.stm32cube.ide.mcu.externaltools.gnu-tools-for-stm32.10.3-2021.10.win32_1.0.0.202111181127/tools/bin/../lib/gcc/arm-none-eabi/10.3.1/thumb/v7e-m+fp/hard\libgcc.a(_arm_muldivdf3.o)
                0x0000000008000608                __aeabi_dmul
                0x0000000008000608                __muldf3
                0x000000000800085c                __divdf3
                0x000000000800085c                __aeabi_ddiv
 .text          0x0000000008000a2c      0x110 c:/st/stm32cubeide_1.10.1/stm32cubeide/plugins/com.st.stm32cube.ide.mcu.externaltools.gnu-tools-for-stm32.10.3-2021.10.win32_1.0.0.202111181127/tools/bin/../lib/gcc/arm-none-eabi/10.3.1/thumb/v7e-m+fp/hard\libgcc.a(_arm_cmpdf2.o)
                0x0000000008000a2c                __gtdf2
                0x0000000008000a2c                __gedf2
                0x0000000008000a34                __ltdf2
                0x0000000008000a34                __ledf2
                0x0000000008000a3c                __nedf2
                0x0000000008000a3c                __eqdf2
                0x0000000008000a3c                __cmpdf2
                0x0000000008000ab8                __aeabi_cdrcmple
                0x0000000008000ac8                __aeabi_cdcmpeq
                0x0000000008000ac8                __aeabi_cdcmple
                0x0000000008000ad8                __aeabi_dcmpeq
                0x0000000008000aec                __aeabi_dcmplt
                0x0000000008000b00                __aeabi_dcmple
                0x0000000008000b14                __aeabi_dcmpge
                0x0000000008000b28                __aeabi_dcmpgt
 .text          0x0000000008000b3c       0x2c c:/st/stm32cubeide_1.10.1/stm32cubeide/plugins/com.st.stm32cube.ide.mcu.externaltools.gnu-tools-for-stm32.10.3-2021.10.win32_1.0.0.202111181127/tools/bin/../lib/gcc/arm-none-eabi/10.3.1/thumb/v7e-m+fp/hard\libgcc.a(_arm_unorddf2.o)
                0x0000000008000b3c                __unorddf2
                0x0000000008000b3c                __aeabi_dcmpun
 *(.text*)
 .text.Lcd_create
                0x0000000008000b68       0x56 ./Core/Src/lcd.o
                0x0000000008000b68                Lcd_create
 .text.Lcd_init
                0x0000000008000bbe       0x52 ./Core/Src/lcd.o
                0x0000000008000bbe                Lcd_init
 .text.Lcd_int  0x0000000008000c10       0x30 ./Core/Src/lcd.o
                0x0000000008000c10                Lcd_int
 .text.Lcd_string
                0x0000000008000c40       0x3e ./Core/Src/lcd.o
                0x0000000008000c40                Lcd_string
 *fill*         0x0000000008000c7e        0x2 
 .text.Lcd_cursor
                0x0000000008000c80       0x34 ./Core/Src/lcd.o
                0x0000000008000c80                Lcd_cursor
 .text.Lcd_clear
                0x0000000008000cb4       0x18 ./Core/Src/lcd.o
                0x0000000008000cb4                Lcd_clear
 .text.lcd_write_command
                0x0000000008000ccc       0x5c ./Core/Src/lcd.o
 .text.lcd_write_data
                0x0000000008000d28       0x5c ./Core/Src/lcd.o
 .text.lcd_write
                0x0000000008000d84       0x80 ./Core/Src/lcd.o
 .text.LSM303AGR_AccInit
                0x0000000008000e04       0x3a ./Core/Src/lsm303agr.o
                0x0000000008000e04                LSM303AGR_AccInit
 .text.LSM303AGR_AccDeInit
                0x0000000008000e3e        0xe ./Core/Src/lsm303agr.o
                0x0000000008000e3e                LSM303AGR_AccDeInit
 .text.LSM303AGR_AccReadID
                0x0000000008000e4c       0x24 ./Core/Src/lsm303agr.o
                0x0000000008000e4c                LSM303AGR_AccReadID
 .text.LSM303AGR_AccRebootCmd
                0x0000000008000e70       0x2e ./Core/Src/lsm303agr.o
                0x0000000008000e70                LSM303AGR_AccRebootCmd
 .text.LSM303AGR_AccFilterConfig
                0x0000000008000e9e       0x3a ./Core/Src/lsm303agr.o
                0x0000000008000e9e                LSM303AGR_AccFilterConfig
 .text.LSM303AGR_AccFilterCmd
                0x0000000008000ed8       0x3a ./Core/Src/lsm303agr.o
                0x0000000008000ed8                LSM303AGR_AccFilterCmd
 .text.LSM303AGR_AccReadXYZ
                0x0000000008000f12      0x190 ./Core/Src/lsm303agr.o
                0x0000000008000f12                LSM303AGR_AccReadXYZ
 .text.LSM303AGR_AccFilterClickCmd
                0x00000000080010a2       0x3e ./Core/Src/lsm303agr.o
                0x00000000080010a2                LSM303AGR_AccFilterClickCmd
 .text.LSM303AGR_AccIT1Enable
                0x00000000080010e0       0x36 ./Core/Src/lsm303agr.o
                0x00000000080010e0                LSM303AGR_AccIT1Enable
 .text.LSM303AGR_AccClickITEnable
                0x0000000008001116       0x72 ./Core/Src/lsm303agr.o
                0x0000000008001116                LSM303AGR_AccClickITEnable
 .text.LSM303AGR_AccZClickITConfig
                0x0000000008001188       0x1e ./Core/Src/lsm303agr.o
                0x0000000008001188                LSM303AGR_AccZClickITConfig
 .text.LSM303DLHC_AccInit
                0x00000000080011a6       0x3a ./Core/Src/lsm303dlhc.o
                0x00000000080011a6                LSM303DLHC_AccInit
 .text.LSM303DLHC_AccDeInit
                0x00000000080011e0        0xe ./Core/Src/lsm303dlhc.o
                0x00000000080011e0                LSM303DLHC_AccDeInit
 .text.LSM303DLHC_AccReadID
                0x00000000080011ee       0x24 ./Core/Src/lsm303dlhc.o
                0x00000000080011ee                LSM303DLHC_AccReadID
 .text.LSM303DLHC_AccRebootCmd
                0x0000000008001212       0x2e ./Core/Src/lsm303dlhc.o
                0x0000000008001212                LSM303DLHC_AccRebootCmd
 .text.LSM303DLHC_AccFilterConfig
                0x0000000008001240       0x3a ./Core/Src/lsm303dlhc.o
                0x0000000008001240                LSM303DLHC_AccFilterConfig
 .text.LSM303DLHC_AccFilterCmd
                0x000000000800127a       0x3a ./Core/Src/lsm303dlhc.o
                0x000000000800127a                LSM303DLHC_AccFilterCmd
 .text.LSM303DLHC_AccReadXYZ
                0x00000000080012b4      0x190 ./Core/Src/lsm303dlhc.o
                0x00000000080012b4                LSM303DLHC_AccReadXYZ
 .text.LSM303DLHC_AccFilterClickCmd
                0x0000000008001444       0x3e ./Core/Src/lsm303dlhc.o
                0x0000000008001444                LSM303DLHC_AccFilterClickCmd
 .text.LSM303DLHC_AccIT1Enable
                0x0000000008001482       0x36 ./Core/Src/lsm303dlhc.o
                0x0000000008001482                LSM303DLHC_AccIT1Enable
 .text.LSM303DLHC_AccClickITEnable
                0x00000000080014b8       0x72 ./Core/Src/lsm303dlhc.o
                0x00000000080014b8                LSM303DLHC_AccClickITEnable
 .text.LSM303DLHC_AccZClickITConfig
                0x000000000800152a       0x1e ./Core/Src/lsm303dlhc.o
                0x000000000800152a                LSM303DLHC_AccZClickITConfig
 .text.main     0x0000000008001548      0x2c4 ./Core/Src/main.o
                0x0000000008001548                main
 .text.PeriphCommonClock_Config
                0x000000000800180c       0x40 ./Core/Src/main.o
                0x000000000800180c                PeriphCommonClock_Config
 .text.MX_GPIO_Init
                0x000000000800184c      0x1e4 ./Core/Src/main.o
 .text.Error_Handler
                0x0000000008001a30        0xa ./Core/Src/main.o
                0x0000000008001a30                Error_Handler
 *fill*         0x0000000008001a3a        0x2 
 .text.I2Cx_Init
                0x0000000008001a3c       0x64 ./Core/Src/stm32f411e_discovery.o
 .text.I2Cx_WriteData
                0x0000000008001aa0       0x50 ./Core/Src/stm32f411e_discovery.o
 .text.I2Cx_ReadData
                0x0000000008001af0       0x58 ./Core/Src/stm32f411e_discovery.o
 .text.I2Cx_Error
                0x0000000008001b48       0x18 ./Core/Src/stm32f411e_discovery.o
 .text.I2Cx_MspInit
                0x0000000008001b60       0xac ./Core/Src/stm32f411e_discovery.o
 .text.COMPASSACCELERO_IO_Init
                0x0000000008001c0c       0x50 ./Core/Src/stm32f411e_discovery.o
                0x0000000008001c0c                COMPASSACCELERO_IO_Init
 .text.COMPASSACCELERO_IO_ITConfig
                0x0000000008001c5c       0x60 ./Core/Src/stm32f411e_discovery.o
                0x0000000008001c5c                COMPASSACCELERO_IO_ITConfig
 .text.COMPASSACCELERO_IO_Write
                0x0000000008001cbc       0x26 ./Core/Src/stm32f411e_discovery.o
                0x0000000008001cbc                COMPASSACCELERO_IO_Write
 .text.COMPASSACCELERO_IO_Read
                0x0000000008001ce2       0x26 ./Core/Src/stm32f411e_discovery.o
                0x0000000008001ce2                COMPASSACCELERO_IO_Read
 .text.BSP_ACCELERO_Init
                0x0000000008001d08      0x184 ./Core/Src/stm32f411e_discovery_accelerometer.o
                0x0000000008001d08                BSP_ACCELERO_Init
 .text.BSP_ACCELERO_GetXYZ
                0x0000000008001e8c       0x58 ./Core/Src/stm32f411e_discovery_accelerometer.o
                0x0000000008001e8c                BSP_ACCELERO_GetXYZ
 .text.HAL_MspInit
                0x0000000008001ee4       0x50 ./Core/Src/stm32f4xx_hal_msp.o
                0x0000000008001ee4                HAL_MspInit
 .text.HAL_I2C_MspInit
                0x0000000008001f34       0x90 ./Core/Src/stm32f4xx_hal_msp.o
                0x0000000008001f34                HAL_I2C_MspInit
 .text.HAL_I2C_MspDeInit
                0x0000000008001fc4       0x44 ./Core/Src/stm32f4xx_hal_msp.o
                0x0000000008001fc4                HAL_I2C_MspDeInit
 .text.NMI_Handler
                0x0000000008002008        0x6 ./Core/Src/stm32f4xx_it.o
                0x0000000008002008                NMI_Handler
 .text.HardFault_Handler
                0x000000000800200e        0x6 ./Core/Src/stm32f4xx_it.o
                0x000000000800200e                HardFault_Handler
 .text.MemManage_Handler
                0x0000000008002014        0x6 ./Core/Src/stm32f4xx_it.o
                0x0000000008002014                MemManage_Handler
 .text.BusFault_Handler
                0x000000000800201a        0x6 ./Core/Src/stm32f4xx_it.o
                0x000000000800201a                BusFault_Handler
 .text.UsageFault_Handler
                0x0000000008002020        0x6 ./Core/Src/stm32f4xx_it.o
                0x0000000008002020                UsageFault_Handler
 .text.SVC_Handler
                0x0000000008002026        0xe ./Core/Src/stm32f4xx_it.o
                0x0000000008002026                SVC_Handler
 .text.DebugMon_Handler
                0x0000000008002034        0xe ./Core/Src/stm32f4xx_it.o
                0x0000000008002034                DebugMon_Handler
 .text.PendSV_Handler
                0x0000000008002042        0xe ./Core/Src/stm32f4xx_it.o
                0x0000000008002042                PendSV_Handler
 .text.SysTick_Handler
                0x0000000008002050        0xc ./Core/Src/stm32f4xx_it.o
                0x0000000008002050                SysTick_Handler
 .text.OTG_FS_IRQHandler
                0x000000000800205c       0x14 ./Core/Src/stm32f4xx_it.o
                0x000000000800205c                OTG_FS_IRQHandler
 .text._sbrk    0x0000000008002070       0x6c ./Core/Src/sysmem.o
                0x0000000008002070                _sbrk
 .text.SystemInit
                0x00000000080020dc       0x24 ./Core/Src/system_stm32f4xx.o
                0x00000000080020dc                SystemInit
 .text.Reset_Handler
                0x0000000008002100       0x50 ./Core/Startup/startup_stm32f411vetx.o
                0x0000000008002100                Reset_Handler
 .text.Default_Handler
                0x0000000008002150        0x2 ./Core/Startup/startup_stm32f411vetx.o
                0x0000000008002150                RTC_Alarm_IRQHandler
                0x0000000008002150                EXTI2_IRQHandler
                0x0000000008002150                SPI4_IRQHandler
                0x0000000008002150                TIM1_CC_IRQHandler
                0x0000000008002150                DMA2_Stream5_IRQHandler
                0x0000000008002150                DMA1_Stream5_IRQHandler
                0x0000000008002150                PVD_IRQHandler
                0x0000000008002150                SDIO_IRQHandler
                0x0000000008002150                TAMP_STAMP_IRQHandler
                0x0000000008002150                EXTI3_IRQHandler
                0x0000000008002150                TIM1_UP_TIM10_IRQHandler
                0x0000000008002150                I2C3_ER_IRQHandler
                0x0000000008002150                EXTI0_IRQHandler
                0x0000000008002150                I2C2_EV_IRQHandler
                0x0000000008002150                DMA1_Stream2_IRQHandler
                0x0000000008002150                FPU_IRQHandler
                0x0000000008002150                DMA2_Stream2_IRQHandler
                0x0000000008002150                SPI1_IRQHandler
                0x0000000008002150                TIM1_BRK_TIM9_IRQHandler
                0x0000000008002150                DMA2_Stream3_IRQHandler
                0x0000000008002150                USART6_IRQHandler
                0x0000000008002150                DMA2_Stream0_IRQHandler
                0x0000000008002150                TIM4_IRQHandler
                0x0000000008002150                I2C1_EV_IRQHandler
                0x0000000008002150                DMA1_Stream6_IRQHandler
                0x0000000008002150                DMA1_Stream1_IRQHandler
                0x0000000008002150                TIM3_IRQHandler
                0x0000000008002150                RCC_IRQHandler
                0x0000000008002150                Default_Handler
                0x0000000008002150                EXTI15_10_IRQHandler
                0x0000000008002150                ADC_IRQHandler
                0x0000000008002150                DMA1_Stream7_IRQHandler
                0x0000000008002150                SPI5_IRQHandler
                0x0000000008002150                TIM5_IRQHandler
                0x0000000008002150                DMA2_Stream7_IRQHandler
                0x0000000008002150                I2C3_EV_IRQHandler
                0x0000000008002150                EXTI9_5_IRQHandler
                0x0000000008002150                RTC_WKUP_IRQHandler
                0x0000000008002150                SPI2_IRQHandler
                0x0000000008002150                DMA1_Stream0_IRQHandler
                0x0000000008002150                EXTI4_IRQHandler
                0x0000000008002150                WWDG_IRQHandler
                0x0000000008002150                TIM2_IRQHandler
                0x0000000008002150                OTG_FS_WKUP_IRQHandler
                0x0000000008002150                TIM1_TRG_COM_TIM11_IRQHandler
                0x0000000008002150                EXTI1_IRQHandler
                0x0000000008002150                USART2_IRQHandler
                0x0000000008002150                I2C2_ER_IRQHandler
                0x0000000008002150                DMA2_Stream1_IRQHandler
                0x0000000008002150                FLASH_IRQHandler
                0x0000000008002150                DMA2_Stream4_IRQHandler
                0x0000000008002150                USART1_IRQHandler
                0x0000000008002150                SPI3_IRQHandler
                0x0000000008002150                DMA1_Stream4_IRQHandler
                0x0000000008002150                I2C1_ER_IRQHandler
                0x0000000008002150                DMA2_Stream6_IRQHandler
                0x0000000008002150                DMA1_Stream3_IRQHandler
 *fill*         0x0000000008002152        0x2 
 .text.HAL_Init
                0x0000000008002154       0x44 ./Drivers/STM32F4xx_HAL_Driver/Src/stm32f4xx_hal.o
                0x0000000008002154                HAL_Init
 .text.HAL_InitTick
                0x0000000008002198       0x60 ./Drivers/STM32F4xx_HAL_Driver/Src/stm32f4xx_hal.o
                0x0000000008002198                HAL_InitTick
 .text.HAL_IncTick
                0x00000000080021f8       0x28 ./Drivers/STM32F4xx_HAL_Driver/Src/stm32f4xx_hal.o
                0x00000000080021f8                HAL_IncTick
 .text.HAL_GetTick
                0x0000000008002220       0x18 ./Drivers/STM32F4xx_HAL_Driver/Src/stm32f4xx_hal.o
                0x0000000008002220                HAL_GetTick
 .text.HAL_Delay
                0x0000000008002238       0x48 ./Drivers/STM32F4xx_HAL_Driver/Src/stm32f4xx_hal.o
                0x0000000008002238                HAL_Delay
 .text.__NVIC_SetPriorityGrouping
                0x0000000008002280       0x48 ./Drivers/STM32F4xx_HAL_Driver/Src/stm32f4xx_hal_cortex.o
 .text.__NVIC_GetPriorityGrouping
                0x00000000080022c8       0x1c ./Drivers/STM32F4xx_HAL_Driver/Src/stm32f4xx_hal_cortex.o
 .text.__NVIC_EnableIRQ
                0x00000000080022e4       0x3c ./Drivers/STM32F4xx_HAL_Driver/Src/stm32f4xx_hal_cortex.o
 .text.__NVIC_SetPriority
                0x0000000008002320       0x54 ./Drivers/STM32F4xx_HAL_Driver/Src/stm32f4xx_hal_cortex.o
 .text.NVIC_EncodePriority
                0x0000000008002374       0x66 ./Drivers/STM32F4xx_HAL_Driver/Src/stm32f4xx_hal_cortex.o
 *fill*         0x00000000080023da        0x2 
 .text.SysTick_Config
                0x00000000080023dc       0x44 ./Drivers/STM32F4xx_HAL_Driver/Src/stm32f4xx_hal_cortex.o
 .text.HAL_NVIC_SetPriorityGrouping
                0x0000000008002420       0x16 ./Drivers/STM32F4xx_HAL_Driver/Src/stm32f4xx_hal_cortex.o
                0x0000000008002420                HAL_NVIC_SetPriorityGrouping
 .text.HAL_NVIC_SetPriority
                0x0000000008002436       0x38 ./Drivers/STM32F4xx_HAL_Driver/Src/stm32f4xx_hal_cortex.o
                0x0000000008002436                HAL_NVIC_SetPriority
 .text.HAL_NVIC_EnableIRQ
                0x000000000800246e       0x1c ./Drivers/STM32F4xx_HAL_Driver/Src/stm32f4xx_hal_cortex.o
                0x000000000800246e                HAL_NVIC_EnableIRQ
 .text.HAL_SYSTICK_Config
                0x000000000800248a       0x18 ./Drivers/STM32F4xx_HAL_Driver/Src/stm32f4xx_hal_cortex.o
                0x000000000800248a                HAL_SYSTICK_Config
 *fill*         0x00000000080024a2        0x2 
 .text.HAL_GPIO_Init
                0x00000000080024a4      0x308 ./Drivers/STM32F4xx_HAL_Driver/Src/stm32f4xx_hal_gpio.o
                0x00000000080024a4                HAL_GPIO_Init
 .text.HAL_GPIO_DeInit
                0x00000000080027ac      0x1c8 ./Drivers/STM32F4xx_HAL_Driver/Src/stm32f4xx_hal_gpio.o
                0x00000000080027ac                HAL_GPIO_DeInit
 .text.HAL_GPIO_WritePin
                0x0000000008002974       0x32 ./Drivers/STM32F4xx_HAL_Driver/Src/stm32f4xx_hal_gpio.o
                0x0000000008002974                HAL_GPIO_WritePin
 .text.HAL_HCD_IRQHandler
                0x00000000080029a6      0x216 ./Drivers/STM32F4xx_HAL_Driver/Src/stm32f4xx_hal_hcd.o
                0x00000000080029a6                HAL_HCD_IRQHandler
 .text.HAL_HCD_Stop
                0x0000000008002bbc       0x3a ./Drivers/STM32F4xx_HAL_Driver/Src/stm32f4xx_hal_hcd.o
                0x0000000008002bbc                HAL_HCD_Stop
 .text.HCD_HC_IN_IRQHandler
                0x0000000008002bf6      0x6aa ./Drivers/STM32F4xx_HAL_Driver/Src/stm32f4xx_hal_hcd.o
 .text.HCD_HC_OUT_IRQHandler
                0x00000000080032a0      0x6d2 ./Drivers/STM32F4xx_HAL_Driver/Src/stm32f4xx_hal_hcd.o
 .text.HCD_RXQLVL_IRQHandler
                0x0000000008003972      0x1a4 ./Drivers/STM32F4xx_HAL_Driver/Src/stm32f4xx_hal_hcd.o
 .text.HCD_Port_IRQHandler
                0x0000000008003b16       0xe6 ./Drivers/STM32F4xx_HAL_Driver/Src/stm32f4xx_hal_hcd.o
 .text.HAL_I2C_Init
                0x0000000008003bfc      0x288 ./Drivers/STM32F4xx_HAL_Driver/Src/stm32f4xx_hal_i2c.o
                0x0000000008003bfc                HAL_I2C_Init
 .text.HAL_I2C_DeInit
                0x0000000008003e84       0x5e ./Drivers/STM32F4xx_HAL_Driver/Src/stm32f4xx_hal_i2c.o
                0x0000000008003e84                HAL_I2C_DeInit
 *fill*         0x0000000008003ee2        0x2 
 .text.HAL_I2C_Mem_Write
                0x0000000008003ee4      0x1f4 ./Drivers/STM32F4xx_HAL_Driver/Src/stm32f4xx_hal_i2c.o
                0x0000000008003ee4                HAL_I2C_Mem_Write
 .text.HAL_I2C_Mem_Read
                0x00000000080040d8      0x44c ./Drivers/STM32F4xx_HAL_Driver/Src/stm32f4xx_hal_i2c.o
                0x00000000080040d8                HAL_I2C_Mem_Read
 .text.HAL_I2C_GetState
                0x0000000008004524       0x1c ./Drivers/STM32F4xx_HAL_Driver/Src/stm32f4xx_hal_i2c.o
                0x0000000008004524                HAL_I2C_GetState
 .text.I2C_RequestMemoryWrite
                0x0000000008004540      0x12c ./Drivers/STM32F4xx_HAL_Driver/Src/stm32f4xx_hal_i2c.o
 .text.I2C_RequestMemoryRead
                0x000000000800466c      0x1d0 ./Drivers/STM32F4xx_HAL_Driver/Src/stm32f4xx_hal_i2c.o
 .text.I2C_WaitOnFlagUntilTimeout
                0x000000000800483c       0xae ./Drivers/STM32F4xx_HAL_Driver/Src/stm32f4xx_hal_i2c.o
 .text.I2C_WaitOnMasterAddressFlagUntilTimeout
                0x00000000080048ea       0xfe ./Drivers/STM32F4xx_HAL_Driver/Src/stm32f4xx_hal_i2c.o
 .text.I2C_WaitOnTXEFlagUntilTimeout
                0x00000000080049e8       0x82 ./Drivers/STM32F4xx_HAL_Driver/Src/stm32f4xx_hal_i2c.o
 .text.I2C_WaitOnBTFFlagUntilTimeout
                0x0000000008004a6a       0x82 ./Drivers/STM32F4xx_HAL_Driver/Src/stm32f4xx_hal_i2c.o
 .text.I2C_WaitOnRXNEFlagUntilTimeout
                0x0000000008004aec       0xac ./Drivers/STM32F4xx_HAL_Driver/Src/stm32f4xx_hal_i2c.o
 .text.I2C_IsAcknowledgeFailed
                0x0000000008004b98       0x5e ./Drivers/STM32F4xx_HAL_Driver/Src/stm32f4xx_hal_i2c.o
 *fill*         0x0000000008004bf6        0x2 
 .text.HAL_RCC_GetHCLKFreq
                0x0000000008004bf8       0x18 ./Drivers/STM32F4xx_HAL_Driver/Src/stm32f4xx_hal_rcc.o
                0x0000000008004bf8                HAL_RCC_GetHCLKFreq
 .text.HAL_RCC_GetPCLK1Freq
                0x0000000008004c10       0x28 ./Drivers/STM32F4xx_HAL_Driver/Src/stm32f4xx_hal_rcc.o
                0x0000000008004c10                HAL_RCC_GetPCLK1Freq
 .text.HAL_RCCEx_PeriphCLKConfig
                0x0000000008004c38      0x1e0 ./Drivers/STM32F4xx_HAL_Driver/Src/stm32f4xx_hal_rcc_ex.o
                0x0000000008004c38                HAL_RCCEx_PeriphCLKConfig
 .text.USB_EnableGlobalInt
                0x0000000008004e18       0x22 ./Drivers/STM32F4xx_HAL_Driver/Src/stm32f4xx_ll_usb.o
                0x0000000008004e18                USB_EnableGlobalInt
 .text.USB_DisableGlobalInt
                0x0000000008004e3a       0x22 ./Drivers/STM32F4xx_HAL_Driver/Src/stm32f4xx_ll_usb.o
                0x0000000008004e3a                USB_DisableGlobalInt
 .text.USB_FlushTxFifo
                0x0000000008004e5c       0x68 ./Drivers/STM32F4xx_HAL_Driver/Src/stm32f4xx_ll_usb.o
                0x0000000008004e5c                USB_FlushTxFifo
 .text.USB_FlushRxFifo
                0x0000000008004ec4       0x60 ./Drivers/STM32F4xx_HAL_Driver/Src/stm32f4xx_ll_usb.o
                0x0000000008004ec4                USB_FlushRxFifo
 .text.USB_ReadPacket
                0x0000000008004f24       0xb0 ./Drivers/STM32F4xx_HAL_Driver/Src/stm32f4xx_ll_usb.o
                0x0000000008004f24                USB_ReadPacket
 .text.USB_ReadInterrupts
                0x0000000008004fd4       0x26 ./Drivers/STM32F4xx_HAL_Driver/Src/stm32f4xx_ll_usb.o
                0x0000000008004fd4                USB_ReadInterrupts
 .text.USB_GetMode
                0x0000000008004ffa       0x1c ./Drivers/STM32F4xx_HAL_Driver/Src/stm32f4xx_ll_usb.o
                0x0000000008004ffa                USB_GetMode
 .text.USB_InitFSLSPClkSel
                0x0000000008005016       0x74 ./Drivers/STM32F4xx_HAL_Driver/Src/stm32f4xx_ll_usb.o
                0x0000000008005016                USB_InitFSLSPClkSel
 .text.USB_HC_ReadInterrupt
                0x000000000800508a       0x22 ./Drivers/STM32F4xx_HAL_Driver/Src/stm32f4xx_ll_usb.o
                0x000000000800508a                USB_HC_ReadInterrupt
 .text.USB_HC_Halt
                0x00000000080050ac      0x1f8 ./Drivers/STM32F4xx_HAL_Driver/Src/stm32f4xx_ll_usb.o
                0x00000000080050ac                USB_HC_Halt
 .text.USB_StopHost
                0x00000000080052a4      0x124 ./Drivers/STM32F4xx_HAL_Driver/Src/stm32f4xx_ll_usb.o
                0x00000000080052a4                USB_StopHost
 .text.USBH_LL_IncTimer
                0x00000000080053c8       0x24 ./Middlewares/ST/STM32_USB_Host_Library/Core/Src/usbh_core.o
                0x00000000080053c8                USBH_LL_IncTimer
 .text.USBH_HandleSof
                0x00000000080053ec       0x30 ./Middlewares/ST/STM32_USB_Host_Library/Core/Src/usbh_core.o
 .text.USBH_LL_PortEnabled
                0x000000000800541c       0x1c ./Middlewares/ST/STM32_USB_Host_Library/Core/Src/usbh_core.o
                0x000000000800541c                USBH_LL_PortEnabled
 .text.USBH_LL_PortDisabled
                0x0000000008005438       0x1c ./Middlewares/ST/STM32_USB_Host_Library/Core/Src/usbh_core.o
                0x0000000008005438                USBH_LL_PortDisabled
 .text.USBH_LL_Connect
                0x0000000008005454       0x2e ./Middlewares/ST/STM32_USB_Host_Library/Core/Src/usbh_core.o
                0x0000000008005454                USBH_LL_Connect
 .text.USBH_LL_Disconnect
                0x0000000008005482       0x48 ./Middlewares/ST/STM32_USB_Host_Library/Core/Src/usbh_core.o
                0x0000000008005482                USBH_LL_Disconnect
 .text.USBH_FreePipe
                0x00000000080054ca       0x3c ./Middlewares/ST/STM32_USB_Host_Library/Core/Src/usbh_pipes.o
                0x00000000080054ca                USBH_FreePipe
 .text.HAL_HCD_SOF_Callback
                0x0000000008005506       0x1c ./USB_HOST/Target/usbh_conf.o
                0x0000000008005506                HAL_HCD_SOF_Callback
 .text.HAL_HCD_Connect_Callback
                0x0000000008005522       0x1c ./USB_HOST/Target/usbh_conf.o
                0x0000000008005522                HAL_HCD_Connect_Callback
 .text.HAL_HCD_Disconnect_Callback
                0x000000000800553e       0x1c ./USB_HOST/Target/usbh_conf.o
                0x000000000800553e                HAL_HCD_Disconnect_Callback
 .text.HAL_HCD_HC_NotifyURBChange_Callback
                0x000000000800555a       0x1c ./USB_HOST/Target/usbh_conf.o
                0x000000000800555a                HAL_HCD_HC_NotifyURBChange_Callback
 .text.HAL_HCD_PortEnabled_Callback
                0x0000000008005576       0x1c ./USB_HOST/Target/usbh_conf.o
                0x0000000008005576                HAL_HCD_PortEnabled_Callback
 .text.HAL_HCD_PortDisabled_Callback
                0x0000000008005592       0x1c ./USB_HOST/Target/usbh_conf.o
                0x0000000008005592                HAL_HCD_PortDisabled_Callback
 .text.USBH_LL_Stop
                0x00000000080055ae       0x36 ./USB_HOST/Target/usbh_conf.o
                0x00000000080055ae                USBH_LL_Stop
 .text.USBH_Get_USB_Status
                0x00000000080055e4       0x58 ./USB_HOST/Target/usbh_conf.o
                0x00000000080055e4                USBH_Get_USB_Status
 .text.__errno  0x000000000800563c        0xc c:/st/stm32cubeide_1.10.1/stm32cubeide/plugins/com.st.stm32cube.ide.mcu.externaltools.gnu-tools-for-stm32.10.3-2021.10.win32_1.0.0.202111181127/tools/bin/../lib/gcc/arm-none-eabi/10.3.1/../../../../arm-none-eabi/lib/thumb/v7e-m+fp/hard\libc_nano.a(lib_a-errno.o)
                0x000000000800563c                __errno
 .text.__libc_init_array
                0x0000000008005648       0x48 c:/st/stm32cubeide_1.10.1/stm32cubeide/plugins/com.st.stm32cube.ide.mcu.externaltools.gnu-tools-for-stm32.10.3-2021.10.win32_1.0.0.202111181127/tools/bin/../lib/gcc/arm-none-eabi/10.3.1/../../../../arm-none-eabi/lib/thumb/v7e-m+fp/hard\libc_nano.a(lib_a-init.o)
                0x0000000008005648                __libc_init_array
 .text._free_r  0x0000000008005690       0x98 c:/st/stm32cubeide_1.10.1/stm32cubeide/plugins/com.st.stm32cube.ide.mcu.externaltools.gnu-tools-for-stm32.10.3-2021.10.win32_1.0.0.202111181127/tools/bin/../lib/gcc/arm-none-eabi/10.3.1/../../../../arm-none-eabi/lib/thumb/v7e-m+fp/hard\libc_nano.a(lib_a-nano-freer.o)
                0x0000000008005690                _free_r
 .text.sbrk_aligned
                0x0000000008005728       0x40 c:/st/stm32cubeide_1.10.1/stm32cubeide/plugins/com.st.stm32cube.ide.mcu.externaltools.gnu-tools-for-stm32.10.3-2021.10.win32_1.0.0.202111181127/tools/bin/../lib/gcc/arm-none-eabi/10.3.1/../../../../arm-none-eabi/lib/thumb/v7e-m+fp/hard\libc_nano.a(lib_a-nano-mallocr.o)
 .text._malloc_r
                0x0000000008005768       0xe8 c:/st/stm32cubeide_1.10.1/stm32cubeide/plugins/com.st.stm32cube.ide.mcu.externaltools.gnu-tools-for-stm32.10.3-2021.10.win32_1.0.0.202111181127/tools/bin/../lib/gcc/arm-none-eabi/10.3.1/../../../../arm-none-eabi/lib/thumb/v7e-m+fp/hard\libc_nano.a(lib_a-nano-mallocr.o)
                0x0000000008005768                _malloc_r
 .text._sbrk_r  0x0000000008005850       0x20 c:/st/stm32cubeide_1.10.1/stm32cubeide/plugins/com.st.stm32cube.ide.mcu.externaltools.gnu-tools-for-stm32.10.3-2021.10.win32_1.0.0.202111181127/tools/bin/../lib/gcc/arm-none-eabi/10.3.1/../../../../arm-none-eabi/lib/thumb/v7e-m+fp/hard\libc_nano.a(lib_a-sbrkr.o)
                0x0000000008005850                _sbrk_r
 .text.sprintf  0x0000000008005870       0x40 c:/st/stm32cubeide_1.10.1/stm32cubeide/plugins/com.st.stm32cube.ide.mcu.externaltools.gnu-tools-for-stm32.10.3-2021.10.win32_1.0.0.202111181127/tools/bin/../lib/gcc/arm-none-eabi/10.3.1/../../../../arm-none-eabi/lib/thumb/v7e-m+fp/hard\libc_nano.a(lib_a-sprintf.o)
                0x0000000008005870                siprintf
                0x0000000008005870                sprintf
 .text.__malloc_lock
                0x00000000080058b0        0xc c:/st/stm32cubeide_1.10.1/stm32cubeide/plugins/com.st.stm32cube.ide.mcu.externaltools.gnu-tools-for-stm32.10.3-2021.10.win32_1.0.0.202111181127/tools/bin/../lib/gcc/arm-none-eabi/10.3.1/../../../../arm-none-eabi/lib/thumb/v7e-m+fp/hard\libc_nano.a(lib_a-mlock.o)
                0x00000000080058b0                __malloc_lock
 .text.__malloc_unlock
                0x00000000080058bc        0xc c:/st/stm32cubeide_1.10.1/stm32cubeide/plugins/com.st.stm32cube.ide.mcu.externaltools.gnu-tools-for-stm32.10.3-2021.10.win32_1.0.0.202111181127/tools/bin/../lib/gcc/arm-none-eabi/10.3.1/../../../../arm-none-eabi/lib/thumb/v7e-m+fp/hard\libc_nano.a(lib_a-mlock.o)
                0x00000000080058bc                __malloc_unlock
 .text.__ssputs_r
                0x00000000080058c8       0xb6 c:/st/stm32cubeide_1.10.1/stm32cubeide/plugins/com.st.stm32cube.ide.mcu.externaltools.gnu-tools-for-stm32.10.3-2021.10.win32_1.0.0.202111181127/tools/bin/../lib/gcc/arm-none-eabi/10.3.1/../../../../arm-none-eabi/lib/thumb/v7e-m+fp/hard\libc_nano.a(lib_a-nano-svfprintf.o)
                0x00000000080058c8                __ssputs_r
 *fill*         0x000000000800597e        0x2 
 .text._svfprintf_r
                0x0000000008005980      0x200 c:/st/stm32cubeide_1.10.1/stm32cubeide/plugins/com.st.stm32cube.ide.mcu.externaltools.gnu-tools-for-stm32.10.3-2021.10.win32_1.0.0.202111181127/tools/bin/../lib/gcc/arm-none-eabi/10.3.1/../../../../arm-none-eabi/lib/thumb/v7e-m+fp/hard\libc_nano.a(lib_a-nano-svfprintf.o)
                0x0000000008005980                _svfiprintf_r
                0x0000000008005980                _svfprintf_r
 .text._printf_common
                0x0000000008005b80       0xda c:/st/stm32cubeide_1.10.1/stm32cubeide/plugins/com.st.stm32cube.ide.mcu.externaltools.gnu-tools-for-stm32.10.3-2021.10.win32_1.0.0.202111181127/tools/bin/../lib/gcc/arm-none-eabi/10.3.1/../../../../arm-none-eabi/lib/thumb/v7e-m+fp/hard\libc_nano.a(lib_a-nano-vfprintf_i.o)
                0x0000000008005b80                _printf_common
 *fill*         0x0000000008005c5a        0x2 
 .text._printf_i
                0x0000000008005c5c      0x24c c:/st/stm32cubeide_1.10.1/stm32cubeide/plugins/com.st.stm32cube.ide.mcu.externaltools.gnu-tools-for-stm32.10.3-2021.10.win32_1.0.0.202111181127/tools/bin/../lib/gcc/arm-none-eabi/10.3.1/../../../../arm-none-eabi/lib/thumb/v7e-m+fp/hard\libc_nano.a(lib_a-nano-vfprintf_i.o)
                0x0000000008005c5c                _printf_i
 .text.__retarget_lock_acquire_recursive
                0x0000000008005ea8        0x2 c:/st/stm32cubeide_1.10.1/stm32cubeide/plugins/com.st.stm32cube.ide.mcu.externaltools.gnu-tools-for-stm32.10.3-2021.10.win32_1.0.0.202111181127/tools/bin/../lib/gcc/arm-none-eabi/10.3.1/../../../../arm-none-eabi/lib/thumb/v7e-m+fp/hard\libc_nano.a(lib_a-lock.o)
                0x0000000008005ea8                __retarget_lock_acquire_recursive
 .text.__retarget_lock_release_recursive
                0x0000000008005eaa        0x2 c:/st/stm32cubeide_1.10.1/stm32cubeide/plugins/com.st.stm32cube.ide.mcu.externaltools.gnu-tools-for-stm32.10.3-2021.10.win32_1.0.0.202111181127/tools/bin/../lib/gcc/arm-none-eabi/10.3.1/../../../../arm-none-eabi/lib/thumb/v7e-m+fp/hard\libc_nano.a(lib_a-lock.o)
                0x0000000008005eaa                __retarget_lock_release_recursive
 .text.memcpy   0x0000000008005eac       0x1c c:/st/stm32cubeide_1.10.1/stm32cubeide/plugins/com.st.stm32cube.ide.mcu.externaltools.gnu-tools-for-stm32.10.3-2021.10.win32_1.0.0.202111181127/tools/bin/../lib/gcc/arm-none-eabi/10.3.1/../../../../arm-none-eabi/lib/thumb/v7e-m+fp/hard\libc_nano.a(lib_a-memcpy-stub.o)
                0x0000000008005eac                memcpy
 .text.memmove  0x0000000008005ec8       0x34 c:/st/stm32cubeide_1.10.1/stm32cubeide/plugins/com.st.stm32cube.ide.mcu.externaltools.gnu-tools-for-stm32.10.3-2021.10.win32_1.0.0.202111181127/tools/bin/../lib/gcc/arm-none-eabi/10.3.1/../../../../arm-none-eabi/lib/thumb/v7e-m+fp/hard\libc_nano.a(lib_a-memmove.o)
                0x0000000008005ec8                memmove
 .text._realloc_r
                0x0000000008005efc       0x5e c:/st/stm32cubeide_1.10.1/stm32cubeide/plugins/com.st.stm32cube.ide.mcu.externaltools.gnu-tools-for-stm32.10.3-2021.10.win32_1.0.0.202111181127/tools/bin/../lib/gcc/arm-none-eabi/10.3.1/../../../../arm-none-eabi/lib/thumb/v7e-m+fp/hard\libc_nano.a(lib_a-nano-reallocr.o)
                0x0000000008005efc                _realloc_r
 .text._malloc_usable_size_r
                0x0000000008005f5a       0x10 c:/st/stm32cubeide_1.10.1/stm32cubeide/plugins/com.st.stm32cube.ide.mcu.externaltools.gnu-tools-for-stm32.10.3-2021.10.win32_1.0.0.202111181127/tools/bin/../lib/gcc/arm-none-eabi/10.3.1/../../../../arm-none-eabi/lib/thumb/v7e-m+fp/hard\libc_nano.a(lib_a-nano-msizer.o)
                0x0000000008005f5a                _malloc_usable_size_r
 .text.sqrt     0x0000000008005f6a       0x58 c:/st/stm32cubeide_1.10.1/stm32cubeide/plugins/com.st.stm32cube.ide.mcu.externaltools.gnu-tools-for-stm32.10.3-2021.10.win32_1.0.0.202111181127/tools/bin/../lib/gcc/arm-none-eabi/10.3.1/../../../../arm-none-eabi/lib/thumb/v7e-m+fp/hard\libm.a(lib_a-w_sqrt.o)
                0x0000000008005f6a                sqrt
 *fill*         0x0000000008005fc2        0x2 
 .text.__ieee754_sqrt
                0x0000000008005fc4      0x164 c:/st/stm32cubeide_1.10.1/stm32cubeide/plugins/com.st.stm32cube.ide.mcu.externaltools.gnu-tools-for-stm32.10.3-2021.10.win32_1.0.0.202111181127/tools/bin/../lib/gcc/arm-none-eabi/10.3.1/../../../../arm-none-eabi/lib/thumb/v7e-m+fp/hard\libm.a(lib_a-e_sqrt.o)
                0x0000000008005fc4                __ieee754_sqrt
 *(.glue_7)
 .glue_7        0x0000000008006128        0x0 linker stubs
 *(.glue_7t)
 .glue_7t       0x0000000008006128        0x0 linker stubs
 *(.eh_frame)
 .eh_frame      0x0000000008006128        0x0 c:/st/stm32cubeide_1.10.1/stm32cubeide/plugins/com.st.stm32cube.ide.mcu.externaltools.gnu-tools-for-stm32.10.3-2021.10.win32_1.0.0.202111181127/tools/bin/../lib/gcc/arm-none-eabi/10.3.1/thumb/v7e-m+fp/hard/crtbegin.o
 *(.init)
 .init          0x0000000008006128        0x4 c:/st/stm32cubeide_1.10.1/stm32cubeide/plugins/com.st.stm32cube.ide.mcu.externaltools.gnu-tools-for-stm32.10.3-2021.10.win32_1.0.0.202111181127/tools/bin/../lib/gcc/arm-none-eabi/10.3.1/thumb/v7e-m+fp/hard/crti.o
                0x0000000008006128                _init
 .init          0x000000000800612c        0x8 c:/st/stm32cubeide_1.10.1/stm32cubeide/plugins/com.st.stm32cube.ide.mcu.externaltools.gnu-tools-for-stm32.10.3-2021.10.win32_1.0.0.202111181127/tools/bin/../lib/gcc/arm-none-eabi/10.3.1/thumb/v7e-m+fp/hard/crtn.o
 *(.fini)
 .fini          0x0000000008006134        0x4 c:/st/stm32cubeide_1.10.1/stm32cubeide/plugins/com.st.stm32cube.ide.mcu.externaltools.gnu-tools-for-stm32.10.3-2021.10.win32_1.0.0.202111181127/tools/bin/../lib/gcc/arm-none-eabi/10.3.1/thumb/v7e-m+fp/hard/crti.o
                0x0000000008006134                _fini
 .fini          0x0000000008006138        0x8 c:/st/stm32cubeide_1.10.1/stm32cubeide/plugins/com.st.stm32cube.ide.mcu.externaltools.gnu-tools-for-stm32.10.3-2021.10.win32_1.0.0.202111181127/tools/bin/../lib/gcc/arm-none-eabi/10.3.1/thumb/v7e-m+fp/hard/crtn.o
                0x0000000008006140                . = ALIGN (0x4)
                0x0000000008006140                _etext = .

.vfp11_veneer   0x0000000008006140        0x0
 .vfp11_veneer  0x0000000008006140        0x0 linker stubs

.v4_bx          0x0000000008006140        0x0
 .v4_bx         0x0000000008006140        0x0 linker stubs

.iplt           0x0000000008006140        0x0
 .iplt          0x0000000008006140        0x0 c:/st/stm32cubeide_1.10.1/stm32cubeide/plugins/com.st.stm32cube.ide.mcu.externaltools.gnu-tools-for-stm32.10.3-2021.10.win32_1.0.0.202111181127/tools/bin/../lib/gcc/arm-none-eabi/10.3.1/thumb/v7e-m+fp/hard/crtbegin.o

.rodata         0x0000000008006140       0x98
                0x0000000008006140                . = ALIGN (0x4)
 *(.rodata)
 .rodata        0x0000000008006140        0x3 ./Core/Src/lcd.o
 *fill*         0x0000000008006143        0x1 
 .rodata        0x0000000008006144       0x54 ./Core/Src/main.o
 *(.rodata*)
 .rodata.ROW_16
                0x0000000008006198        0x4 ./Core/Src/lcd.o
                0x0000000008006198                ROW_16
 .rodata.APBPrescTable
                0x000000000800619c        0x8 ./Core/Src/system_stm32f4xx.o
                0x000000000800619c                APBPrescTable
 .rodata._svfprintf_r.str1.1
                0x00000000080061a4       0x11 c:/st/stm32cubeide_1.10.1/stm32cubeide/plugins/com.st.stm32cube.ide.mcu.externaltools.gnu-tools-for-stm32.10.3-2021.10.win32_1.0.0.202111181127/tools/bin/../lib/gcc/arm-none-eabi/10.3.1/../../../../arm-none-eabi/lib/thumb/v7e-m+fp/hard\libc_nano.a(lib_a-nano-svfprintf.o)
 .rodata._printf_i.str1.1
                0x00000000080061b5       0x22 c:/st/stm32cubeide_1.10.1/stm32cubeide/plugins/com.st.stm32cube.ide.mcu.externaltools.gnu-tools-for-stm32.10.3-2021.10.win32_1.0.0.202111181127/tools/bin/../lib/gcc/arm-none-eabi/10.3.1/../../../../arm-none-eabi/lib/thumb/v7e-m+fp/hard\libc_nano.a(lib_a-nano-vfprintf_i.o)
                0x00000000080061d8                . = ALIGN (0x4)
 *fill*         0x00000000080061d7        0x1 

.rel.dyn        0x00000000080061d8        0x0
 .rel.iplt      0x00000000080061d8        0x0 c:/st/stm32cubeide_1.10.1/stm32cubeide/plugins/com.st.stm32cube.ide.mcu.externaltools.gnu-tools-for-stm32.10.3-2021.10.win32_1.0.0.202111181127/tools/bin/../lib/gcc/arm-none-eabi/10.3.1/thumb/v7e-m+fp/hard/crtbegin.o

.ARM.extab      0x00000000080061d8        0x0
                0x00000000080061d8                . = ALIGN (0x4)
 *(.ARM.extab* .gnu.linkonce.armextab.*)
                0x00000000080061d8                . = ALIGN (0x4)

.ARM            0x00000000080061d8        0x0
                0x00000000080061d8                . = ALIGN (0x4)
                0x00000000080061d8                __exidx_start = .
 *(.ARM.exidx*)
                0x00000000080061d8                __exidx_end = .
                0x00000000080061d8                . = ALIGN (0x4)

.preinit_array  0x00000000080061d8        0x0
                0x00000000080061d8                . = ALIGN (0x4)
                0x00000000080061d8                PROVIDE (__preinit_array_start = .)
 *(.preinit_array*)
                0x00000000080061d8                PROVIDE (__preinit_array_end = .)
                0x00000000080061d8                . = ALIGN (0x4)

.init_array     0x00000000080061d8        0x4
                0x00000000080061d8                . = ALIGN (0x4)
                0x00000000080061d8                PROVIDE (__init_array_start = .)
 *(SORT_BY_NAME(.init_array.*))
 *(.init_array*)
 .init_array    0x00000000080061d8        0x4 c:/st/stm32cubeide_1.10.1/stm32cubeide/plugins/com.st.stm32cube.ide.mcu.externaltools.gnu-tools-for-stm32.10.3-2021.10.win32_1.0.0.202111181127/tools/bin/../lib/gcc/arm-none-eabi/10.3.1/thumb/v7e-m+fp/hard/crtbegin.o
                0x00000000080061dc                PROVIDE (__init_array_end = .)
                0x00000000080061dc                . = ALIGN (0x4)

.fini_array     0x00000000080061dc        0x4
                0x00000000080061dc                . = ALIGN (0x4)
                [!provide]                        PROVIDE (__fini_array_start = .)
 *(SORT_BY_NAME(.fini_array.*))
 *(.fini_array*)
 .fini_array    0x00000000080061dc        0x4 c:/st/stm32cubeide_1.10.1/stm32cubeide/plugins/com.st.stm32cube.ide.mcu.externaltools.gnu-tools-for-stm32.10.3-2021.10.win32_1.0.0.202111181127/tools/bin/../lib/gcc/arm-none-eabi/10.3.1/thumb/v7e-m+fp/hard/crtbegin.o
                [!provide]                        PROVIDE (__fini_array_end = .)
                0x00000000080061e0                . = ALIGN (0x4)
                0x00000000080061e0                _sidata = LOADADDR (.data)

.data           0x0000000020000000       0xe4 load address 0x00000000080061e0
                0x0000000020000000                . = ALIGN (0x4)
                0x0000000020000000                _sdata = .
 *(.data)
 *(.data*)
 .data.Lsm303agrDrv
                0x0000000020000000       0x34 ./Core/Src/lsm303agr.o
                0x0000000020000000                Lsm303agrDrv
 .data.Lsm303dlhcDrv
                0x0000000020000034       0x34 ./Core/Src/lsm303dlhc.o
                0x0000000020000034                Lsm303dlhcDrv
 .data.steps_counter
                0x0000000020000068        0x4 ./Core/Src/main.o
                0x0000000020000068                steps_counter
 .data.pedometer_threshold
                0x000000002000006c        0x4 ./Core/Src/main.o
                0x000000002000006c                pedometer_threshold
 .data.I2cxTimeout
                0x0000000020000070        0x4 ./Core/Src/stm32f411e_discovery.o
                0x0000000020000070                I2cxTimeout
 .data.SystemCoreClock
                0x0000000020000074        0x4 ./Core/Src/system_stm32f4xx.o
                0x0000000020000074                SystemCoreClock
 .data.uwTickPrio
                0x0000000020000078        0x4 ./Drivers/STM32F4xx_HAL_Driver/Src/stm32f4xx_hal.o
                0x0000000020000078                uwTickPrio
 .data.uwTickFreq
                0x000000002000007c        0x1 ./Drivers/STM32F4xx_HAL_Driver/Src/stm32f4xx_hal.o
                0x000000002000007c                uwTickFreq
 *fill*         0x000000002000007d        0x3 
 .data._impure_ptr
                0x0000000020000080        0x4 c:/st/stm32cubeide_1.10.1/stm32cubeide/plugins/com.st.stm32cube.ide.mcu.externaltools.gnu-tools-for-stm32.10.3-2021.10.win32_1.0.0.202111181127/tools/bin/../lib/gcc/arm-none-eabi/10.3.1/../../../../arm-none-eabi/lib/thumb/v7e-m+fp/hard\libc_nano.a(lib_a-impure.o)
                0x0000000020000080                _impure_ptr
 .data.impure_data
                0x0000000020000084       0x60 c:/st/stm32cubeide_1.10.1/stm32cubeide/plugins/com.st.stm32cube.ide.mcu.externaltools.gnu-tools-for-stm32.10.3-2021.10.win32_1.0.0.202111181127/tools/bin/../lib/gcc/arm-none-eabi/10.3.1/../../../../arm-none-eabi/lib/thumb/v7e-m+fp/hard\libc_nano.a(lib_a-impure.o)
 *(.RamFunc)
 *(.RamFunc*)
                0x00000000200000e4                . = ALIGN (0x4)
                0x00000000200000e4                _edata = .

.igot.plt       0x00000000200000e4        0x0 load address 0x00000000080062c4
 .igot.plt      0x00000000200000e4        0x0 c:/st/stm32cubeide_1.10.1/stm32cubeide/plugins/com.st.stm32cube.ide.mcu.externaltools.gnu-tools-for-stm32.10.3-2021.10.win32_1.0.0.202111181127/tools/bin/../lib/gcc/arm-none-eabi/10.3.1/thumb/v7e-m+fp/hard/crtbegin.o
                0x00000000200000e4                . = ALIGN (0x4)

.bss            0x00000000200000e8      0x3cc load address 0x00000000080062c4
                0x00000000200000e8                _sbss = .
                0x00000000200000e8                __bss_start__ = _sbss
 *(.bss)
 .bss           0x00000000200000e8       0x1c c:/st/stm32cubeide_1.10.1/stm32cubeide/plugins/com.st.stm32cube.ide.mcu.externaltools.gnu-tools-for-stm32.10.3-2021.10.win32_1.0.0.202111181127/tools/bin/../lib/gcc/arm-none-eabi/10.3.1/thumb/v7e-m+fp/hard/crtbegin.o
 *(.bss*)
 *fill*         0x0000000020000104        0x4 
 .bss.x_position
                0x0000000020000108        0x8 ./Core/Src/main.o
                0x0000000020000108                x_position
 .bss.y_position
                0x0000000020000110        0x8 ./Core/Src/main.o
                0x0000000020000110                y_position
 .bss.z_position
                0x0000000020000118        0x8 ./Core/Src/main.o
                0x0000000020000118                z_position
 .bss.magnitude
                0x0000000020000120        0x8 ./Core/Src/main.o
                0x0000000020000120                magnitude
 .bss.change_in_magnitude
                0x0000000020000128        0x8 ./Core/Src/main.o
                0x0000000020000128                change_in_magnitude
 .bss.last_magnitude
                0x0000000020000130        0x8 ./Core/Src/main.o
                0x0000000020000130                last_magnitude
 .bss.accelVals
                0x0000000020000138        0x6 ./Core/Src/main.o
                0x0000000020000138                accelVals
 *fill*         0x000000002000013e        0x2 
 .bss.I2cHandle
                0x0000000020000140       0x54 ./Core/Src/stm32f411e_discovery.o
 .bss.AccelerometerDrv
                0x0000000020000194        0x4 ./Core/Src/stm32f411e_discovery_accelerometer.o
 .bss.__sbrk_heap_end
                0x0000000020000198        0x4 ./Core/Src/sysmem.o
 .bss.uwTick    0x000000002000019c        0x4 ./Drivers/STM32F4xx_HAL_Driver/Src/stm32f4xx_hal.o
                0x000000002000019c                uwTick
 .bss.hhcd_USB_OTG_FS
                0x00000000200001a0      0x304 ./USB_HOST/Target/usbh_conf.o
                0x00000000200001a0                hhcd_USB_OTG_FS
 .bss.__malloc_free_list
                0x00000000200004a4        0x4 c:/st/stm32cubeide_1.10.1/stm32cubeide/plugins/com.st.stm32cube.ide.mcu.externaltools.gnu-tools-for-stm32.10.3-2021.10.win32_1.0.0.202111181127/tools/bin/../lib/gcc/arm-none-eabi/10.3.1/../../../../arm-none-eabi/lib/thumb/v7e-m+fp/hard\libc_nano.a(lib_a-nano-mallocr.o)
                0x00000000200004a4                __malloc_free_list
 .bss.__malloc_sbrk_start
                0x00000000200004a8        0x4 c:/st/stm32cubeide_1.10.1/stm32cubeide/plugins/com.st.stm32cube.ide.mcu.externaltools.gnu-tools-for-stm32.10.3-2021.10.win32_1.0.0.202111181127/tools/bin/../lib/gcc/arm-none-eabi/10.3.1/../../../../arm-none-eabi/lib/thumb/v7e-m+fp/hard\libc_nano.a(lib_a-nano-mallocr.o)
                0x00000000200004a8                __malloc_sbrk_start
 .bss.errno     0x00000000200004ac        0x4 c:/st/stm32cubeide_1.10.1/stm32cubeide/plugins/com.st.stm32cube.ide.mcu.externaltools.gnu-tools-for-stm32.10.3-2021.10.win32_1.0.0.202111181127/tools/bin/../lib/gcc/arm-none-eabi/10.3.1/../../../../arm-none-eabi/lib/thumb/v7e-m+fp/hard\libc_nano.a(lib_a-reent.o)
                0x00000000200004ac                errno
 .bss.__lock___malloc_recursive_mutex
                0x00000000200004b0        0x1 c:/st/stm32cubeide_1.10.1/stm32cubeide/plugins/com.st.stm32cube.ide.mcu.externaltools.gnu-tools-for-stm32.10.3-2021.10.win32_1.0.0.202111181127/tools/bin/../lib/gcc/arm-none-eabi/10.3.1/../../../../arm-none-eabi/lib/thumb/v7e-m+fp/hard\libc_nano.a(lib_a-lock.o)
                0x00000000200004b0                __lock___malloc_recursive_mutex
 *(COMMON)
                0x00000000200004b4                . = ALIGN (0x4)
 *fill*         0x00000000200004b1        0x3 
                0x00000000200004b4                _ebss = .
                0x00000000200004b4                __bss_end__ = _ebss

._user_heap_stack
                0x00000000200004b4      0x604 load address 0x00000000080062c4
                0x00000000200004b8                . = ALIGN (0x8)
 *fill*         0x00000000200004b4        0x4 
                [!provide]                        PROVIDE (end = .)
                0x00000000200004b8                PROVIDE (_end = .)
                0x00000000200006b8                . = (. + _Min_Heap_Size)
 *fill*         0x00000000200004b8      0x200 
                0x0000000020000ab8                . = (. + _Min_Stack_Size)
 *fill*         0x00000000200006b8      0x400 
                0x0000000020000ab8                . = ALIGN (0x8)

/DISCARD/
 libc.a(*)
 libm.a(*)
 libgcc.a(*)

.ARM.attributes
                0x0000000000000000       0x30
 *(.ARM.attributes)
 .ARM.attributes
                0x0000000000000000       0x1e c:/st/stm32cubeide_1.10.1/stm32cubeide/plugins/com.st.stm32cube.ide.mcu.externaltools.gnu-tools-for-stm32.10.3-2021.10.win32_1.0.0.202111181127/tools/bin/../lib/gcc/arm-none-eabi/10.3.1/thumb/v7e-m+fp/hard/crti.o
 .ARM.attributes
                0x000000000000001e       0x34 c:/st/stm32cubeide_1.10.1/stm32cubeide/plugins/com.st.stm32cube.ide.mcu.externaltools.gnu-tools-for-stm32.10.3-2021.10.win32_1.0.0.202111181127/tools/bin/../lib/gcc/arm-none-eabi/10.3.1/thumb/v7e-m+fp/hard/crtbegin.o
 .ARM.attributes
                0x0000000000000052       0x34 ./Core/Src/lcd.o
 .ARM.attributes
                0x0000000000000086       0x34 ./Core/Src/lsm303agr.o
 .ARM.attributes
                0x00000000000000ba       0x34 ./Core/Src/lsm303dlhc.o
 .ARM.attributes
                0x00000000000000ee       0x34 ./Core/Src/main.o
 .ARM.attributes
                0x0000000000000122       0x34 ./Core/Src/stm32f411e_discovery.o
 .ARM.attributes
                0x0000000000000156       0x34 ./Core/Src/stm32f411e_discovery_accelerometer.o
 .ARM.attributes
                0x000000000000018a       0x34 ./Core/Src/stm32f4xx_hal_msp.o
 .ARM.attributes
                0x00000000000001be       0x34 ./Core/Src/stm32f4xx_it.o
 .ARM.attributes
                0x00000000000001f2       0x34 ./Core/Src/sysmem.o
 .ARM.attributes
                0x0000000000000226       0x34 ./Core/Src/system_stm32f4xx.o
 .ARM.attributes
                0x000000000000025a       0x21 ./Core/Startup/startup_stm32f411vetx.o
 .ARM.attributes
                0x000000000000027b       0x34 ./Drivers/STM32F4xx_HAL_Driver/Src/stm32f4xx_hal.o
 .ARM.attributes
                0x00000000000002af       0x34 ./Drivers/STM32F4xx_HAL_Driver/Src/stm32f4xx_hal_cortex.o
 .ARM.attributes
                0x00000000000002e3       0x34 ./Drivers/STM32F4xx_HAL_Driver/Src/stm32f4xx_hal_gpio.o
 .ARM.attributes
                0x0000000000000317       0x34 ./Drivers/STM32F4xx_HAL_Driver/Src/stm32f4xx_hal_hcd.o
 .ARM.attributes
                0x000000000000034b       0x34 ./Drivers/STM32F4xx_HAL_Driver/Src/stm32f4xx_hal_i2c.o
 .ARM.attributes
                0x000000000000037f       0x34 ./Drivers/STM32F4xx_HAL_Driver/Src/stm32f4xx_hal_rcc.o
 .ARM.attributes
                0x00000000000003b3       0x34 ./Drivers/STM32F4xx_HAL_Driver/Src/stm32f4xx_hal_rcc_ex.o
 .ARM.attributes
                0x00000000000003e7       0x34 ./Drivers/STM32F4xx_HAL_Driver/Src/stm32f4xx_ll_usb.o
 .ARM.attributes
                0x000000000000041b       0x34 ./Middlewares/ST/STM32_USB_Host_Library/Core/Src/usbh_core.o
 .ARM.attributes
                0x000000000000044f       0x34 ./Middlewares/ST/STM32_USB_Host_Library/Core/Src/usbh_pipes.o
 .ARM.attributes
                0x0000000000000483       0x34 ./USB_HOST/Target/usbh_conf.o
 .ARM.attributes
                0x00000000000004b7       0x34 c:/st/stm32cubeide_1.10.1/stm32cubeide/plugins/com.st.stm32cube.ide.mcu.externaltools.gnu-tools-for-stm32.10.3-2021.10.win32_1.0.0.202111181127/tools/bin/../lib/gcc/arm-none-eabi/10.3.1/../../../../arm-none-eabi/lib/thumb/v7e-m+fp/hard\libc_nano.a(lib_a-errno.o)
 .ARM.attributes
                0x00000000000004eb       0x34 c:/st/stm32cubeide_1.10.1/stm32cubeide/plugins/com.st.stm32cube.ide.mcu.externaltools.gnu-tools-for-stm32.10.3-2021.10.win32_1.0.0.202111181127/tools/bin/../lib/gcc/arm-none-eabi/10.3.1/../../../../arm-none-eabi/lib/thumb/v7e-m+fp/hard\libc_nano.a(lib_a-impure.o)
 .ARM.attributes
                0x000000000000051f       0x34 c:/st/stm32cubeide_1.10.1/stm32cubeide/plugins/com.st.stm32cube.ide.mcu.externaltools.gnu-tools-for-stm32.10.3-2021.10.win32_1.0.0.202111181127/tools/bin/../lib/gcc/arm-none-eabi/10.3.1/../../../../arm-none-eabi/lib/thumb/v7e-m+fp/hard\libc_nano.a(lib_a-init.o)
 .ARM.attributes
                0x0000000000000553       0x34 c:/st/stm32cubeide_1.10.1/stm32cubeide/plugins/com.st.stm32cube.ide.mcu.externaltools.gnu-tools-for-stm32.10.3-2021.10.win32_1.0.0.202111181127/tools/bin/../lib/gcc/arm-none-eabi/10.3.1/../../../../arm-none-eabi/lib/thumb/v7e-m+fp/hard\libc_nano.a(lib_a-nano-freer.o)
 .ARM.attributes
                0x0000000000000587       0x34 c:/st/stm32cubeide_1.10.1/stm32cubeide/plugins/com.st.stm32cube.ide.mcu.externaltools.gnu-tools-for-stm32.10.3-2021.10.win32_1.0.0.202111181127/tools/bin/../lib/gcc/arm-none-eabi/10.3.1/../../../../arm-none-eabi/lib/thumb/v7e-m+fp/hard\libc_nano.a(lib_a-nano-mallocr.o)
 .ARM.attributes
                0x00000000000005bb       0x34 c:/st/stm32cubeide_1.10.1/stm32cubeide/plugins/com.st.stm32cube.ide.mcu.externaltools.gnu-tools-for-stm32.10.3-2021.10.win32_1.0.0.202111181127/tools/bin/../lib/gcc/arm-none-eabi/10.3.1/../../../../arm-none-eabi/lib/thumb/v7e-m+fp/hard\libc_nano.a(lib_a-sbrkr.o)
 .ARM.attributes
                0x00000000000005ef       0x34 c:/st/stm32cubeide_1.10.1/stm32cubeide/plugins/com.st.stm32cube.ide.mcu.externaltools.gnu-tools-for-stm32.10.3-2021.10.win32_1.0.0.202111181127/tools/bin/../lib/gcc/arm-none-eabi/10.3.1/../../../../arm-none-eabi/lib/thumb/v7e-m+fp/hard\libc_nano.a(lib_a-sprintf.o)
 .ARM.attributes
                0x0000000000000623       0x17 c:/st/stm32cubeide_1.10.1/stm32cubeide/plugins/com.st.stm32cube.ide.mcu.externaltools.gnu-tools-for-stm32.10.3-2021.10.win32_1.0.0.202111181127/tools/bin/../lib/gcc/arm-none-eabi/10.3.1/../../../../arm-none-eabi/lib/thumb/v7e-m+fp/hard\libc_nano.a(lib_a-strlen.o)
 .ARM.attributes
                0x000000000000063a       0x34 c:/st/stm32cubeide_1.10.1/stm32cubeide/plugins/com.st.stm32cube.ide.mcu.externaltools.gnu-tools-for-stm32.10.3-2021.10.win32_1.0.0.202111181127/tools/bin/../lib/gcc/arm-none-eabi/10.3.1/../../../../arm-none-eabi/lib/thumb/v7e-m+fp/hard\libc_nano.a(lib_a-mlock.o)
 .ARM.attributes
                0x000000000000066e       0x34 c:/st/stm32cubeide_1.10.1/stm32cubeide/plugins/com.st.stm32cube.ide.mcu.externaltools.gnu-tools-for-stm32.10.3-2021.10.win32_1.0.0.202111181127/tools/bin/../lib/gcc/arm-none-eabi/10.3.1/../../../../arm-none-eabi/lib/thumb/v7e-m+fp/hard\libc_nano.a(lib_a-nano-svfprintf.o)
 .ARM.attributes
                0x00000000000006a2       0x34 c:/st/stm32cubeide_1.10.1/stm32cubeide/plugins/com.st.stm32cube.ide.mcu.externaltools.gnu-tools-for-stm32.10.3-2021.10.win32_1.0.0.202111181127/tools/bin/../lib/gcc/arm-none-eabi/10.3.1/../../../../arm-none-eabi/lib/thumb/v7e-m+fp/hard\libc_nano.a(lib_a-nano-vfprintf_i.o)
 .ARM.attributes
                0x00000000000006d6       0x34 c:/st/stm32cubeide_1.10.1/stm32cubeide/plugins/com.st.stm32cube.ide.mcu.externaltools.gnu-tools-for-stm32.10.3-2021.10.win32_1.0.0.202111181127/tools/bin/../lib/gcc/arm-none-eabi/10.3.1/../../../../arm-none-eabi/lib/thumb/v7e-m+fp/hard\libc_nano.a(lib_a-reent.o)
 .ARM.attributes
                0x000000000000070a       0x34 c:/st/stm32cubeide_1.10.1/stm32cubeide/plugins/com.st.stm32cube.ide.mcu.externaltools.gnu-tools-for-stm32.10.3-2021.10.win32_1.0.0.202111181127/tools/bin/../lib/gcc/arm-none-eabi/10.3.1/../../../../arm-none-eabi/lib/thumb/v7e-m+fp/hard\libc_nano.a(lib_a-lock.o)
 .ARM.attributes
                0x000000000000073e       0x1c c:/st/stm32cubeide_1.10.1/stm32cubeide/plugins/com.st.stm32cube.ide.mcu.externaltools.gnu-tools-for-stm32.10.3-2021.10.win32_1.0.0.202111181127/tools/bin/../lib/gcc/arm-none-eabi/10.3.1/../../../../arm-none-eabi/lib/thumb/v7e-m+fp/hard\libc_nano.a(lib_a-memchr.o)
 .ARM.attributes
                0x000000000000075a       0x34 c:/st/stm32cubeide_1.10.1/stm32cubeide/plugins/com.st.stm32cube.ide.mcu.externaltools.gnu-tools-for-stm32.10.3-2021.10.win32_1.0.0.202111181127/tools/bin/../lib/gcc/arm-none-eabi/10.3.1/../../../../arm-none-eabi/lib/thumb/v7e-m+fp/hard\libc_nano.a(lib_a-memcpy-stub.o)
 .ARM.attributes
                0x000000000000078e       0x34 c:/st/stm32cubeide_1.10.1/stm32cubeide/plugins/com.st.stm32cube.ide.mcu.externaltools.gnu-tools-for-stm32.10.3-2021.10.win32_1.0.0.202111181127/tools/bin/../lib/gcc/arm-none-eabi/10.3.1/../../../../arm-none-eabi/lib/thumb/v7e-m+fp/hard\libc_nano.a(lib_a-memmove.o)
 .ARM.attributes
                0x00000000000007c2       0x34 c:/st/stm32cubeide_1.10.1/stm32cubeide/plugins/com.st.stm32cube.ide.mcu.externaltools.gnu-tools-for-stm32.10.3-2021.10.win32_1.0.0.202111181127/tools/bin/../lib/gcc/arm-none-eabi/10.3.1/../../../../arm-none-eabi/lib/thumb/v7e-m+fp/hard\libc_nano.a(lib_a-nano-reallocr.o)
 .ARM.attributes
                0x00000000000007f6       0x34 c:/st/stm32cubeide_1.10.1/stm32cubeide/plugins/com.st.stm32cube.ide.mcu.externaltools.gnu-tools-for-stm32.10.3-2021.10.win32_1.0.0.202111181127/tools/bin/../lib/gcc/arm-none-eabi/10.3.1/../../../../arm-none-eabi/lib/thumb/v7e-m+fp/hard\libc_nano.a(lib_a-nano-msizer.o)
 .ARM.attributes
                0x000000000000082a       0x34 c:/st/stm32cubeide_1.10.1/stm32cubeide/plugins/com.st.stm32cube.ide.mcu.externaltools.gnu-tools-for-stm32.10.3-2021.10.win32_1.0.0.202111181127/tools/bin/../lib/gcc/arm-none-eabi/10.3.1/../../../../arm-none-eabi/lib/thumb/v7e-m+fp/hard\libm.a(lib_a-w_sqrt.o)
 .ARM.attributes
                0x000000000000085e       0x34 c:/st/stm32cubeide_1.10.1/stm32cubeide/plugins/com.st.stm32cube.ide.mcu.externaltools.gnu-tools-for-stm32.10.3-2021.10.win32_1.0.0.202111181127/tools/bin/../lib/gcc/arm-none-eabi/10.3.1/../../../../arm-none-eabi/lib/thumb/v7e-m+fp/hard\libm.a(lib_a-e_sqrt.o)
 .ARM.attributes
                0x0000000000000892       0x1e c:/st/stm32cubeide_1.10.1/stm32cubeide/plugins/com.st.stm32cube.ide.mcu.externaltools.gnu-tools-for-stm32.10.3-2021.10.win32_1.0.0.202111181127/tools/bin/../lib/gcc/arm-none-eabi/10.3.1/thumb/v7e-m+fp/hard\libgcc.a(_arm_addsubdf3.o)
 .ARM.attributes
                0x00000000000008b0       0x1e c:/st/stm32cubeide_1.10.1/stm32cubeide/plugins/com.st.stm32cube.ide.mcu.externaltools.gnu-tools-for-stm32.10.3-2021.10.win32_1.0.0.202111181127/tools/bin/../lib/gcc/arm-none-eabi/10.3.1/thumb/v7e-m+fp/hard\libgcc.a(_arm_muldivdf3.o)
 .ARM.attributes
                0x00000000000008ce       0x1e c:/st/stm32cubeide_1.10.1/stm32cubeide/plugins/com.st.stm32cube.ide.mcu.externaltools.gnu-tools-for-stm32.10.3-2021.10.win32_1.0.0.202111181127/tools/bin/../lib/gcc/arm-none-eabi/10.3.1/thumb/v7e-m+fp/hard\libgcc.a(_arm_cmpdf2.o)
 .ARM.attributes
                0x00000000000008ec       0x1e c:/st/stm32cubeide_1.10.1/stm32cubeide/plugins/com.st.stm32cube.ide.mcu.externaltools.gnu-tools-for-stm32.10.3-2021.10.win32_1.0.0.202111181127/tools/bin/../lib/gcc/arm-none-eabi/10.3.1/thumb/v7e-m+fp/hard\libgcc.a(_arm_unorddf2.o)
 .ARM.attributes
                0x000000000000090a       0x1e c:/st/stm32cubeide_1.10.1/stm32cubeide/plugins/com.st.stm32cube.ide.mcu.externaltools.gnu-tools-for-stm32.10.3-2021.10.win32_1.0.0.202111181127/tools/bin/../lib/gcc/arm-none-eabi/10.3.1/thumb/v7e-m+fp/hard/crtn.o
OUTPUT(Assignment 2.elf elf32-littlearm)
LOAD linker stubs
LOAD c:/st/stm32cubeide_1.10.1/stm32cubeide/plugins/com.st.stm32cube.ide.mcu.externaltools.gnu-tools-for-stm32.10.3-2021.10.win32_1.0.0.202111181127/tools/bin/../lib/gcc/arm-none-eabi/10.3.1/../../../../arm-none-eabi/lib/thumb/v7e-m+fp/hard\libc.a
LOAD c:/st/stm32cubeide_1.10.1/stm32cubeide/plugins/com.st.stm32cube.ide.mcu.externaltools.gnu-tools-for-stm32.10.3-2021.10.win32_1.0.0.202111181127/tools/bin/../lib/gcc/arm-none-eabi/10.3.1/../../../../arm-none-eabi/lib/thumb/v7e-m+fp/hard\libm.a
LOAD c:/st/stm32cubeide_1.10.1/stm32cubeide/plugins/com.st.stm32cube.ide.mcu.externaltools.gnu-tools-for-stm32.10.3-2021.10.win32_1.0.0.202111181127/tools/bin/../lib/gcc/arm-none-eabi/10.3.1/thumb/v7e-m+fp/hard\libgcc.a

.debug_info     0x0000000000000000    0x11949
 .debug_info    0x0000000000000000      0x615 ./Core/Src/lcd.o
 .debug_info    0x0000000000000615      0x6f2 ./Core/Src/lsm303agr.o
 .debug_info    0x0000000000000d07      0x6ac ./Core/Src/lsm303dlhc.o
 .debug_info    0x00000000000013b3     0x15a6 ./Core/Src/main.o
 .debug_info    0x0000000000002959     0x1776 ./Core/Src/stm32f411e_discovery.o
 .debug_info    0x00000000000040cf      0x3bf ./Core/Src/stm32f411e_discovery_accelerometer.o
 .debug_info    0x000000000000448e     0x100a ./Core/Src/stm32f4xx_hal_msp.o
 .debug_info    0x0000000000005498      0x675 ./Core/Src/stm32f4xx_it.o
 .debug_info    0x0000000000005b0d      0x171 ./Core/Src/sysmem.o
 .debug_info    0x0000000000005c7e      0x54f ./Core/Src/system_stm32f4xx.o
 .debug_info    0x00000000000061cd       0x22 ./Core/Startup/startup_stm32f411vetx.o
 .debug_info    0x00000000000061ef      0x90d ./Drivers/STM32F4xx_HAL_Driver/Src/stm32f4xx_hal.o
 .debug_info    0x0000000000006afc      0xd8b ./Drivers/STM32F4xx_HAL_Driver/Src/stm32f4xx_hal_cortex.o
 .debug_info    0x0000000000007887      0x78e ./Drivers/STM32F4xx_HAL_Driver/Src/stm32f4xx_hal_gpio.o
 .debug_info    0x0000000000008015     0x10c6 ./Drivers/STM32F4xx_HAL_Driver/Src/stm32f4xx_hal_hcd.o
 .debug_info    0x00000000000090db     0x260f ./Drivers/STM32F4xx_HAL_Driver/Src/stm32f4xx_hal_i2c.o
 .debug_info    0x000000000000b6ea      0x98d ./Drivers/STM32F4xx_HAL_Driver/Src/stm32f4xx_hal_rcc.o
 .debug_info    0x000000000000c077      0x5d9 ./Drivers/STM32F4xx_HAL_Driver/Src/stm32f4xx_hal_rcc_ex.o
 .debug_info    0x000000000000c650     0x1a97 ./Drivers/STM32F4xx_HAL_Driver/Src/stm32f4xx_ll_usb.o
 .debug_info    0x000000000000e0e7     0x1065 ./Middlewares/ST/STM32_USB_Host_Library/Core/Src/usbh_core.o
 .debug_info    0x000000000000f14c      0xb34 ./Middlewares/ST/STM32_USB_Host_Library/Core/Src/usbh_pipes.o
 .debug_info    0x000000000000fc80     0x1cc9 ./USB_HOST/Target/usbh_conf.o

.debug_abbrev   0x0000000000000000     0x2e6a
 .debug_abbrev  0x0000000000000000      0x1e1 ./Core/Src/lcd.o
 .debug_abbrev  0x00000000000001e1      0x20f ./Core/Src/lsm303agr.o
 .debug_abbrev  0x00000000000003f0      0x1fc ./Core/Src/lsm303dlhc.o
 .debug_abbrev  0x00000000000005ec      0x29c ./Core/Src/main.o
 .debug_abbrev  0x0000000000000888      0x2e2 ./Core/Src/stm32f411e_discovery.o
 .debug_abbrev  0x0000000000000b6a      0x144 ./Core/Src/stm32f411e_discovery_accelerometer.o
 .debug_abbrev  0x0000000000000cae      0x1e7 ./Core/Src/stm32f4xx_hal_msp.o
 .debug_abbrev  0x0000000000000e95      0x199 ./Core/Src/stm32f4xx_it.o
 .debug_abbrev  0x000000000000102e       0xbb ./Core/Src/sysmem.o
 .debug_abbrev  0x00000000000010e9      0x116 ./Core/Src/system_stm32f4xx.o
 .debug_abbrev  0x00000000000011ff       0x12 ./Core/Startup/startup_stm32f411vetx.o
 .debug_abbrev  0x0000000000001211      0x23e ./Drivers/STM32F4xx_HAL_Driver/Src/stm32f4xx_hal.o
 .debug_abbrev  0x000000000000144f      0x316 ./Drivers/STM32F4xx_HAL_Driver/Src/stm32f4xx_hal_cortex.o
 .debug_abbrev  0x0000000000001765      0x1c4 ./Drivers/STM32F4xx_HAL_Driver/Src/stm32f4xx_hal_gpio.o
 .debug_abbrev  0x0000000000001929      0x27e ./Drivers/STM32F4xx_HAL_Driver/Src/stm32f4xx_hal_hcd.o
 .debug_abbrev  0x0000000000001ba7      0x2a8 ./Drivers/STM32F4xx_HAL_Driver/Src/stm32f4xx_hal_i2c.o
 .debug_abbrev  0x0000000000001e4f      0x2aa ./Drivers/STM32F4xx_HAL_Driver/Src/stm32f4xx_hal_rcc.o
 .debug_abbrev  0x00000000000020f9      0x1a8 ./Drivers/STM32F4xx_HAL_Driver/Src/stm32f4xx_hal_rcc_ex.o
 .debug_abbrev  0x00000000000022a1      0x296 ./Drivers/STM32F4xx_HAL_Driver/Src/stm32f4xx_ll_usb.o
 .debug_abbrev  0x0000000000002537      0x317 ./Middlewares/ST/STM32_USB_Host_Library/Core/Src/usbh_core.o
 .debug_abbrev  0x000000000000284e      0x270 ./Middlewares/ST/STM32_USB_Host_Library/Core/Src/usbh_pipes.o
 .debug_abbrev  0x0000000000002abe      0x3ac ./USB_HOST/Target/usbh_conf.o

.debug_aranges  0x0000000000000000      0xec0
 .debug_aranges
                0x0000000000000000       0x68 ./Core/Src/lcd.o
 .debug_aranges
                0x0000000000000068       0xb0 ./Core/Src/lsm303agr.o
 .debug_aranges
                0x0000000000000118       0xb0 ./Core/Src/lsm303dlhc.o
 .debug_aranges
                0x00000000000001c8       0x60 ./Core/Src/main.o
 .debug_aranges
                0x0000000000000228       0xf0 ./Core/Src/stm32f411e_discovery.o
 .debug_aranges
                0x0000000000000318       0x38 ./Core/Src/stm32f411e_discovery_accelerometer.o
 .debug_aranges
                0x0000000000000350       0x50 ./Core/Src/stm32f4xx_hal_msp.o
 .debug_aranges
                0x00000000000003a0       0x68 ./Core/Src/stm32f4xx_it.o
 .debug_aranges
                0x0000000000000408       0x20 ./Core/Src/sysmem.o
 .debug_aranges
                0x0000000000000428       0x28 ./Core/Src/system_stm32f4xx.o
 .debug_aranges
                0x0000000000000450       0x28 ./Core/Startup/startup_stm32f411vetx.o
 .debug_aranges
                0x0000000000000478       0xf0 ./Drivers/STM32F4xx_HAL_Driver/Src/stm32f4xx_hal.o
 .debug_aranges
                0x0000000000000568      0x118 ./Drivers/STM32F4xx_HAL_Driver/Src/stm32f4xx_hal_cortex.o
 .debug_aranges
                0x0000000000000680       0x58 ./Drivers/STM32F4xx_HAL_Driver/Src/stm32f4xx_hal_gpio.o
 .debug_aranges
                0x00000000000006d8       0xf8 ./Drivers/STM32F4xx_HAL_Driver/Src/stm32f4xx_hal_hcd.o
 .debug_aranges
                0x00000000000007d0      0x2a0 ./Drivers/STM32F4xx_HAL_Driver/Src/stm32f4xx_hal_i2c.o
 .debug_aranges
                0x0000000000000a70       0x88 ./Drivers/STM32F4xx_HAL_Driver/Src/stm32f4xx_hal_rcc.o
 .debug_aranges
                0x0000000000000af8       0x50 ./Drivers/STM32F4xx_HAL_Driver/Src/stm32f4xx_hal_rcc_ex.o
 .debug_aranges
                0x0000000000000b48      0x1a0 ./Drivers/STM32F4xx_HAL_Driver/Src/stm32f4xx_ll_usb.o
 .debug_aranges
                0x0000000000000ce8       0xc0 ./Middlewares/ST/STM32_USB_Host_Library/Core/Src/usbh_core.o
 .debug_aranges
                0x0000000000000da8       0x40 ./Middlewares/ST/STM32_USB_Host_Library/Core/Src/usbh_pipes.o
 .debug_aranges
                0x0000000000000de8       0xd8 ./USB_HOST/Target/usbh_conf.o

.debug_ranges   0x0000000000000000      0xd80
 .debug_ranges  0x0000000000000000       0x58 ./Core/Src/lcd.o
 .debug_ranges  0x0000000000000058       0xa0 ./Core/Src/lsm303agr.o
 .debug_ranges  0x00000000000000f8       0xa0 ./Core/Src/lsm303dlhc.o
 .debug_ranges  0x0000000000000198       0x50 ./Core/Src/main.o
 .debug_ranges  0x00000000000001e8       0xe0 ./Core/Src/stm32f411e_discovery.o
 .debug_ranges  0x00000000000002c8       0x28 ./Core/Src/stm32f411e_discovery_accelerometer.o
 .debug_ranges  0x00000000000002f0       0x40 ./Core/Src/stm32f4xx_hal_msp.o
 .debug_ranges  0x0000000000000330       0x58 ./Core/Src/stm32f4xx_it.o
 .debug_ranges  0x0000000000000388       0x10 ./Core/Src/sysmem.o
 .debug_ranges  0x0000000000000398       0x18 ./Core/Src/system_stm32f4xx.o
 .debug_ranges  0x00000000000003b0       0x20 ./Core/Startup/startup_stm32f411vetx.o
 .debug_ranges  0x00000000000003d0       0xe0 ./Drivers/STM32F4xx_HAL_Driver/Src/stm32f4xx_hal.o
 .debug_ranges  0x00000000000004b0      0x108 ./Drivers/STM32F4xx_HAL_Driver/Src/stm32f4xx_hal_cortex.o
 .debug_ranges  0x00000000000005b8       0x48 ./Drivers/STM32F4xx_HAL_Driver/Src/stm32f4xx_hal_gpio.o
 .debug_ranges  0x0000000000000600       0xe8 ./Drivers/STM32F4xx_HAL_Driver/Src/stm32f4xx_hal_hcd.o
 .debug_ranges  0x00000000000006e8      0x2a8 ./Drivers/STM32F4xx_HAL_Driver/Src/stm32f4xx_hal_i2c.o
 .debug_ranges  0x0000000000000990       0x78 ./Drivers/STM32F4xx_HAL_Driver/Src/stm32f4xx_hal_rcc.o
 .debug_ranges  0x0000000000000a08       0x40 ./Drivers/STM32F4xx_HAL_Driver/Src/stm32f4xx_hal_rcc_ex.o
 .debug_ranges  0x0000000000000a48      0x190 ./Drivers/STM32F4xx_HAL_Driver/Src/stm32f4xx_ll_usb.o
 .debug_ranges  0x0000000000000bd8       0xb0 ./Middlewares/ST/STM32_USB_Host_Library/Core/Src/usbh_core.o
 .debug_ranges  0x0000000000000c88       0x30 ./Middlewares/ST/STM32_USB_Host_Library/Core/Src/usbh_pipes.o
 .debug_ranges  0x0000000000000cb8       0xc8 ./USB_HOST/Target/usbh_conf.o

.debug_macro    0x0000000000000000    0x193a7
 .debug_macro   0x0000000000000000      0x3ac ./Core/Src/lcd.o
 .debug_macro   0x00000000000003ac      0xa78 ./Core/Src/lcd.o
 .debug_macro   0x0000000000000e24      0x2a7 ./Core/Src/lcd.o
 .debug_macro   0x00000000000010cb       0x2e ./Core/Src/lcd.o
 .debug_macro   0x00000000000010f9       0x28 ./Core/Src/lcd.o
 .debug_macro   0x0000000000001121       0x22 ./Core/Src/lcd.o
 .debug_macro   0x0000000000001143       0x8e ./Core/Src/lcd.o
 .debug_macro   0x00000000000011d1       0x51 ./Core/Src/lcd.o
 .debug_macro   0x0000000000001222      0x103 ./Core/Src/lcd.o
 .debug_macro   0x0000000000001325       0x6a ./Core/Src/lcd.o
 .debug_macro   0x000000000000138f      0x1df ./Core/Src/lcd.o
 .debug_macro   0x000000000000156e       0x1c ./Core/Src/lcd.o
 .debug_macro   0x000000000000158a       0x22 ./Core/Src/lcd.o
 .debug_macro   0x00000000000015ac       0xd9 ./Core/Src/lcd.o
 .debug_macro   0x0000000000001685     0x102d ./Core/Src/lcd.o
 .debug_macro   0x00000000000026b2      0x11f ./Core/Src/lcd.o
 .debug_macro   0x00000000000027d1     0xb953 ./Core/Src/lcd.o
 .debug_macro   0x000000000000e124       0x6d ./Core/Src/lcd.o
 .debug_macro   0x000000000000e191     0x367e ./Core/Src/lcd.o
 .debug_macro   0x000000000001180f      0x174 ./Core/Src/lcd.o
 .debug_macro   0x0000000000011983       0x5c ./Core/Src/lcd.o
 .debug_macro   0x00000000000119df      0x447 ./Core/Src/lcd.o
 .debug_macro   0x0000000000011e26      0x9fe ./Core/Src/lcd.o
 .debug_macro   0x0000000000012824      0x115 ./Core/Src/lcd.o
 .debug_macro   0x0000000000012939      0x11b ./Core/Src/lcd.o
 .debug_macro   0x0000000000012a54       0xa5 ./Core/Src/lcd.o
 .debug_macro   0x0000000000012af9      0x15f ./Core/Src/lcd.o
 .debug_macro   0x0000000000012c58      0x287 ./Core/Src/lcd.o
 .debug_macro   0x0000000000012edf       0x5f ./Core/Src/lcd.o
 .debug_macro   0x0000000000012f3e      0x236 ./Core/Src/lcd.o
 .debug_macro   0x0000000000013174      0x132 ./Core/Src/lcd.o
 .debug_macro   0x00000000000132a6      0x264 ./Core/Src/lcd.o
 .debug_macro   0x000000000001350a       0x2e ./Core/Src/lcd.o
 .debug_macro   0x0000000000013538      0x1b5 ./Core/Src/lcd.o
 .debug_macro   0x00000000000136ed       0x22 ./Core/Src/lcd.o
 .debug_macro   0x000000000001370f       0xd6 ./Core/Src/lcd.o
 .debug_macro   0x00000000000137e5      0x1a7 ./Core/Src/lcd.o
 .debug_macro   0x000000000001398c       0x46 ./Core/Src/lcd.o
 .debug_macro   0x00000000000139d2       0x4a ./Core/Src/lcd.o
 .debug_macro   0x0000000000013a1c      0x11a ./Core/Src/lcd.o
 .debug_macro   0x0000000000013b36       0x85 ./Core/Src/lcd.o
 .debug_macro   0x0000000000013bbb       0x89 ./Core/Src/lcd.o
 .debug_macro   0x0000000000013c44      0x225 ./Core/Src/lcd.o
 .debug_macro   0x0000000000013e69      0x248 ./Core/Src/lcd.o
 .debug_macro   0x00000000000140b1       0x7c ./Core/Src/lcd.o
 .debug_macro   0x000000000001412d      0x126 ./Core/Src/lcd.o
 .debug_macro   0x0000000000014253       0x52 ./Core/Src/lcd.o
 .debug_macro   0x00000000000142a5       0x1e ./Core/Src/lcd.o
 .debug_macro   0x00000000000142c3       0x3c ./Core/Src/lcd.o
 .debug_macro   0x00000000000142ff       0x34 ./Core/Src/lcd.o
 .debug_macro   0x0000000000014333       0x16 ./Core/Src/lcd.o
 .debug_macro   0x0000000000014349       0x43 ./Core/Src/lcd.o
 .debug_macro   0x000000000001438c       0x34 ./Core/Src/lcd.o
 .debug_macro   0x00000000000143c0       0x10 ./Core/Src/lcd.o
 .debug_macro   0x00000000000143d0       0x58 ./Core/Src/lcd.o
 .debug_macro   0x0000000000014428       0x71 ./Core/Src/lcd.o
 .debug_macro   0x0000000000014499       0x1c ./Core/Src/lcd.o
 .debug_macro   0x00000000000144b5      0x12a ./Core/Src/lcd.o
 .debug_macro   0x00000000000145df      0x341 ./Core/Src/lcd.o
 .debug_macro   0x0000000000014920       0x10 ./Core/Src/lcd.o
 .debug_macro   0x0000000000014930       0x35 ./Core/Src/lcd.o
 .debug_macro   0x0000000000014965       0x20 ./Core/Src/lcd.o
 .debug_macro   0x0000000000014985       0x1c ./Core/Src/lcd.o
 .debug_macro   0x00000000000149a1       0x10 ./Core/Src/lcd.o
 .debug_macro   0x00000000000149b1       0x10 ./Core/Src/lcd.o
 .debug_macro   0x00000000000149c1       0x1c ./Core/Src/lcd.o
 .debug_macro   0x00000000000149dd       0x52 ./Core/Src/lcd.o
 .debug_macro   0x0000000000014a2f       0x22 ./Core/Src/lcd.o
 .debug_macro   0x0000000000014a51       0x10 ./Core/Src/lcd.o
 .debug_macro   0x0000000000014a61       0x52 ./Core/Src/lcd.o
 .debug_macro   0x0000000000014ab3       0xd5 ./Core/Src/lcd.o
 .debug_macro   0x0000000000014b88       0x1c ./Core/Src/lcd.o
 .debug_macro   0x0000000000014ba4       0x3d ./Core/Src/lcd.o
 .debug_macro   0x0000000000014be1       0x16 ./Core/Src/lcd.o
 .debug_macro   0x0000000000014bf7      0x145 ./Core/Src/lcd.o
 .debug_macro   0x0000000000014d3c      0x1f6 ./Core/Src/lcd.o
 .debug_macro   0x0000000000014f32       0xa0 ./Core/Src/lcd.o
 .debug_macro   0x0000000000014fd2       0x7c ./Core/Src/lsm303agr.o
 .debug_macro   0x000000000001504e      0x4b7 ./Core/Src/lsm303agr.o
 .debug_macro   0x0000000000015505       0x7c ./Core/Src/lsm303dlhc.o
 .debug_macro   0x0000000000015581      0x452 ./Core/Src/lsm303dlhc.o
 .debug_macro   0x00000000000159d3      0x3cd ./Core/Src/main.o
 .debug_macro   0x0000000000015da0      0x1f0 ./Core/Src/main.o
 .debug_macro   0x0000000000015f90      0x19b ./Core/Src/main.o
 .debug_macro   0x000000000001612b       0x16 ./Core/Src/main.o
 .debug_macro   0x0000000000016141      0x232 ./Core/Src/stm32f411e_discovery.o
 .debug_macro   0x0000000000016373      0x249 ./Core/Src/stm32f411e_discovery.o
 .debug_macro   0x00000000000165bc      0x240 ./Core/Src/stm32f411e_discovery_accelerometer.o
 .debug_macro   0x00000000000167fc      0x4bd ./Core/Src/stm32f411e_discovery_accelerometer.o
 .debug_macro   0x0000000000016cb9      0x214 ./Core/Src/stm32f4xx_hal_msp.o
 .debug_macro   0x0000000000016ecd      0x21e ./Core/Src/stm32f4xx_it.o
 .debug_macro   0x00000000000170eb       0xff ./Core/Src/sysmem.o
 .debug_macro   0x00000000000171ea      0x23b ./Core/Src/sysmem.o
 .debug_macro   0x0000000000017425      0x205 ./Core/Src/system_stm32f4xx.o
 .debug_macro   0x000000000001762a      0x265 ./Drivers/STM32F4xx_HAL_Driver/Src/stm32f4xx_hal.o
 .debug_macro   0x000000000001788f      0x205 ./Drivers/STM32F4xx_HAL_Driver/Src/stm32f4xx_hal_cortex.o
 .debug_macro   0x0000000000017a94      0x20b ./Drivers/STM32F4xx_HAL_Driver/Src/stm32f4xx_hal_gpio.o
 .debug_macro   0x0000000000017c9f      0x205 ./Drivers/STM32F4xx_HAL_Driver/Src/stm32f4xx_hal_hcd.o
 .debug_macro   0x0000000000017ea4      0x24c ./Drivers/STM32F4xx_HAL_Driver/Src/stm32f4xx_hal_i2c.o
 .debug_macro   0x00000000000180f0      0x229 ./Drivers/STM32F4xx_HAL_Driver/Src/stm32f4xx_hal_rcc.o
 .debug_macro   0x0000000000018319      0x205 ./Drivers/STM32F4xx_HAL_Driver/Src/stm32f4xx_hal_rcc_ex.o
 .debug_macro   0x000000000001851e      0x205 ./Drivers/STM32F4xx_HAL_Driver/Src/stm32f4xx_ll_usb.o
 .debug_macro   0x0000000000018723      0x430 ./Middlewares/ST/STM32_USB_Host_Library/Core/Src/usbh_core.o
 .debug_macro   0x0000000000018b53      0x422 ./Middlewares/ST/STM32_USB_Host_Library/Core/Src/usbh_pipes.o
 .debug_macro   0x0000000000018f75      0x432 ./USB_HOST/Target/usbh_conf.o

.debug_line     0x0000000000000000    0x120bf
 .debug_line    0x0000000000000000      0xaeb ./Core/Src/lcd.o
 .debug_line    0x0000000000000aeb      0x756 ./Core/Src/lsm303agr.o
 .debug_line    0x0000000000001241      0x758 ./Core/Src/lsm303dlhc.o
 .debug_line    0x0000000000001999      0xbd2 ./Core/Src/main.o
 .debug_line    0x000000000000256b      0xb1a ./Core/Src/stm32f411e_discovery.o
 .debug_line    0x0000000000003085      0x8e4 ./Core/Src/stm32f411e_discovery_accelerometer.o
 .debug_line    0x0000000000003969      0x865 ./Core/Src/stm32f4xx_hal_msp.o
 .debug_line    0x00000000000041ce      0x7f3 ./Core/Src/stm32f4xx_it.o
 .debug_line    0x00000000000049c1      0x4ea ./Core/Src/sysmem.o
 .debug_line    0x0000000000004eab      0x79a ./Core/Src/system_stm32f4xx.o
 .debug_line    0x0000000000005645       0x88 ./Core/Startup/startup_stm32f411vetx.o
 .debug_line    0x00000000000056cd      0xa00 ./Drivers/STM32F4xx_HAL_Driver/Src/stm32f4xx_hal.o
 .debug_line    0x00000000000060cd      0xcaf ./Drivers/STM32F4xx_HAL_Driver/Src/stm32f4xx_hal_cortex.o
 .debug_line    0x0000000000006d7c      0xb38 ./Drivers/STM32F4xx_HAL_Driver/Src/stm32f4xx_hal_gpio.o
 .debug_line    0x00000000000078b4     0x11fd ./Drivers/STM32F4xx_HAL_Driver/Src/stm32f4xx_hal_hcd.o
 .debug_line    0x0000000000008ab1     0x39b5 ./Drivers/STM32F4xx_HAL_Driver/Src/stm32f4xx_hal_i2c.o
 .debug_line    0x000000000000c466      0xd7c ./Drivers/STM32F4xx_HAL_Driver/Src/stm32f4xx_hal_rcc.o
 .debug_line    0x000000000000d1e2      0xa5a ./Drivers/STM32F4xx_HAL_Driver/Src/stm32f4xx_hal_rcc_ex.o
 .debug_line    0x000000000000dc3c     0x1abd ./Drivers/STM32F4xx_HAL_Driver/Src/stm32f4xx_ll_usb.o
 .debug_line    0x000000000000f6f9     0x11a8 ./Middlewares/ST/STM32_USB_Host_Library/Core/Src/usbh_core.o
 .debug_line    0x00000000000108a1      0xaae ./Middlewares/ST/STM32_USB_Host_Library/Core/Src/usbh_pipes.o
 .debug_line    0x000000000001134f      0xd70 ./USB_HOST/Target/usbh_conf.o

.debug_str      0x0000000000000000    0x9252d
 .debug_str     0x0000000000000000    0x87535 ./Core/Src/lcd.o
                                      0x8783e (size before relaxing)
 .debug_str     0x0000000000087535     0x1bdf ./Core/Src/lsm303agr.o
                                       0x583d (size before relaxing)
 .debug_str     0x0000000000089114     0x193a ./Core/Src/lsm303dlhc.o
                                       0x571e (size before relaxing)
 .debug_str     0x000000000008aa4e     0x147b ./Core/Src/main.o
                                      0x88cd7 (size before relaxing)
 .debug_str     0x000000000008bec9     0x17ee ./Core/Src/stm32f411e_discovery.o
                                      0x850fb (size before relaxing)
 .debug_str     0x000000000008d6b7      0x242 ./Core/Src/stm32f411e_discovery_accelerometer.o
                                      0x87191 (size before relaxing)
 .debug_str     0x000000000008d8f9       0xc4 ./Core/Src/stm32f4xx_hal_msp.o
                                      0x84138 (size before relaxing)
 .debug_str     0x000000000008d9bd      0x456 ./Core/Src/stm32f4xx_it.o
                                      0x83bee (size before relaxing)
 .debug_str     0x000000000008de13      0x4da ./Core/Src/sysmem.o
                                       0x5db4 (size before relaxing)
 .debug_str     0x000000000008e2ed       0xdb ./Core/Src/system_stm32f4xx.o
                                      0x83142 (size before relaxing)
 .debug_str     0x000000000008e3c8       0x36 ./Core/Startup/startup_stm32f411vetx.o
                                         0x76 (size before relaxing)
 .debug_str     0x000000000008e3fe      0x5f0 ./Drivers/STM32F4xx_HAL_Driver/Src/stm32f4xx_hal.o
                                      0x83b6e (size before relaxing)
 .debug_str     0x000000000008e9ee      0x33a ./Drivers/STM32F4xx_HAL_Driver/Src/stm32f4xx_hal_cortex.o
                                      0x8388f (size before relaxing)
 .debug_str     0x000000000008ed28       0xfd ./Drivers/STM32F4xx_HAL_Driver/Src/stm32f4xx_hal_gpio.o
                                      0x832bd (size before relaxing)
 .debug_str     0x000000000008ee25      0x54c ./Drivers/STM32F4xx_HAL_Driver/Src/stm32f4xx_hal_hcd.o
                                      0x8390d (size before relaxing)
 .debug_str     0x000000000008f371      0xaaf ./Drivers/STM32F4xx_HAL_Driver/Src/stm32f4xx_hal_i2c.o
                                      0x84100 (size before relaxing)
 .debug_str     0x000000000008fe20      0x213 ./Drivers/STM32F4xx_HAL_Driver/Src/stm32f4xx_hal_rcc.o
                                      0x83576 (size before relaxing)
 .debug_str     0x0000000000090033      0x111 ./Drivers/STM32F4xx_HAL_Driver/Src/stm32f4xx_hal_rcc_ex.o
                                      0x832ca (size before relaxing)
 .debug_str     0x0000000000090144      0x51b ./Drivers/STM32F4xx_HAL_Driver/Src/stm32f4xx_ll_usb.o
                                      0x83a5a (size before relaxing)
 .debug_str     0x000000000009065f     0x1ccf ./Middlewares/ST/STM32_USB_Host_Library/Core/Src/usbh_core.o
                                      0x89263 (size before relaxing)
 .debug_str     0x000000000009232e       0x98 ./Middlewares/ST/STM32_USB_Host_Library/Core/Src/usbh_pipes.o
                                      0x88fa2 (size before relaxing)
 .debug_str     0x00000000000923c6      0x167 ./USB_HOST/Target/usbh_conf.o
                                      0x89d4e (size before relaxing)

.comment        0x0000000000000000       0x50
 .comment       0x0000000000000000       0x50 ./Core/Src/lcd.o
                                         0x51 (size before relaxing)
 .comment       0x0000000000000050       0x51 ./Core/Src/lsm303agr.o
 .comment       0x0000000000000050       0x51 ./Core/Src/lsm303dlhc.o
 .comment       0x0000000000000050       0x51 ./Core/Src/main.o
 .comment       0x0000000000000050       0x51 ./Core/Src/stm32f411e_discovery.o
 .comment       0x0000000000000050       0x51 ./Core/Src/stm32f411e_discovery_accelerometer.o
 .comment       0x0000000000000050       0x51 ./Core/Src/stm32f4xx_hal_msp.o
 .comment       0x0000000000000050       0x51 ./Core/Src/stm32f4xx_it.o
 .comment       0x0000000000000050       0x51 ./Core/Src/sysmem.o
 .comment       0x0000000000000050       0x51 ./Core/Src/system_stm32f4xx.o
 .comment       0x0000000000000050       0x51 ./Drivers/STM32F4xx_HAL_Driver/Src/stm32f4xx_hal.o
 .comment       0x0000000000000050       0x51 ./Drivers/STM32F4xx_HAL_Driver/Src/stm32f4xx_hal_cortex.o
 .comment       0x0000000000000050       0x51 ./Drivers/STM32F4xx_HAL_Driver/Src/stm32f4xx_hal_gpio.o
 .comment       0x0000000000000050       0x51 ./Drivers/STM32F4xx_HAL_Driver/Src/stm32f4xx_hal_hcd.o
 .comment       0x0000000000000050       0x51 ./Drivers/STM32F4xx_HAL_Driver/Src/stm32f4xx_hal_i2c.o
 .comment       0x0000000000000050       0x51 ./Drivers/STM32F4xx_HAL_Driver/Src/stm32f4xx_hal_rcc.o
 .comment       0x0000000000000050       0x51 ./Drivers/STM32F4xx_HAL_Driver/Src/stm32f4xx_hal_rcc_ex.o
 .comment       0x0000000000000050       0x51 ./Drivers/STM32F4xx_HAL_Driver/Src/stm32f4xx_ll_usb.o
 .comment       0x0000000000000050       0x51 ./Middlewares/ST/STM32_USB_Host_Library/Core/Src/usbh_core.o
 .comment       0x0000000000000050       0x51 ./Middlewares/ST/STM32_USB_Host_Library/Core/Src/usbh_pipes.o
 .comment       0x0000000000000050       0x51 ./USB_HOST/Target/usbh_conf.o

.debug_frame    0x0000000000000000     0x41ec
 .debug_frame   0x0000000000000000      0x180 ./Core/Src/lcd.o
 .debug_frame   0x0000000000000180      0x2b0 ./Core/Src/lsm303agr.o
 .debug_frame   0x0000000000000430      0x2b0 ./Core/Src/lsm303dlhc.o
 .debug_frame   0x00000000000006e0      0x128 ./Core/Src/main.o
 .debug_frame   0x0000000000000808      0x3b4 ./Core/Src/stm32f411e_discovery.o
 .debug_frame   0x0000000000000bbc       0x90 ./Core/Src/stm32f411e_discovery_accelerometer.o
 .debug_frame   0x0000000000000c4c      0x10c ./Core/Src/stm32f4xx_hal_msp.o
 .debug_frame   0x0000000000000d58      0x120 ./Core/Src/stm32f4xx_it.o
 .debug_frame   0x0000000000000e78       0x34 ./Core/Src/sysmem.o
 .debug_frame   0x0000000000000eac       0x58 ./Core/Src/system_stm32f4xx.o
 .debug_frame   0x0000000000000f04      0x374 ./Drivers/STM32F4xx_HAL_Driver/Src/stm32f4xx_hal.o
 .debug_frame   0x0000000000001278      0x498 ./Drivers/STM32F4xx_HAL_Driver/Src/stm32f4xx_hal_cortex.o
 .debug_frame   0x0000000000001710      0x14c ./Drivers/STM32F4xx_HAL_Driver/Src/stm32f4xx_hal_gpio.o
 .debug_frame   0x000000000000185c      0x450 ./Drivers/STM32F4xx_HAL_Driver/Src/stm32f4xx_hal_hcd.o
 .debug_frame   0x0000000000001cac      0xc5c ./Drivers/STM32F4xx_HAL_Driver/Src/stm32f4xx_hal_i2c.o